<?xml version="1.0"?>
<link_info>
   <banner>TI ARM Linker PC v5.1.1</banner>
   <copyright>Copyright (c) 1996-2013 Texas Instruments Incorporated</copyright>
   <link_time>0x53419a94</link_time>
   <link_errors>0x0</link_errors>
   <output_file>test_tlc5941.out</output_file>
   <entry_point>
      <name>_c_int00</name>
      <address>0x1899</address>
   </entry_point>
   <input_file_list>
      <input_file id="fl-2">
         <path>.\</path>
         <kind>object</kind>
         <file>uartstdio.obj</file>
         <name>uartstdio.obj</name>
      </input_file>
      <input_file id="fl-3">
         <path>.\</path>
         <kind>object</kind>
         <file>test_tlc5941.obj</file>
         <name>test_tlc5941.obj</name>
      </input_file>
      <input_file id="fl-4">
         <path>.\</path>
         <kind>object</kind>
         <file>startup_ccs.obj</file>
         <name>startup_ccs.obj</name>
      </input_file>
      <input_file id="fl-5">
         <path>.\</path>
         <kind>object</kind>
         <file>sine_approx.obj</file>
         <name>sine_approx.obj</name>
      </input_file>
      <input_file id="fl-6">
         <path>.\</path>
         <kind>object</kind>
         <file>font8x8.obj</file>
         <name>font8x8.obj</name>
      </input_file>
      <input_file id="fl-b">
         <path>C:\Users\Goran\workspace_v5_5\IdiotBox\TivaWare_C_Series-1.0\driverlib\ccs\Debug\</path>
         <kind>archive</kind>
         <file>driverlib.lib</file>
         <name>uart.obj</name>
      </input_file>
      <input_file id="fl-c">
         <path>C:\Users\Goran\workspace_v5_5\IdiotBox\TivaWare_C_Series-1.0\driverlib\ccs\Debug\</path>
         <kind>archive</kind>
         <file>driverlib.lib</file>
         <name>timer.obj</name>
      </input_file>
      <input_file id="fl-d">
         <path>C:\Users\Goran\workspace_v5_5\IdiotBox\TivaWare_C_Series-1.0\driverlib\ccs\Debug\</path>
         <kind>archive</kind>
         <file>driverlib.lib</file>
         <name>sysctl.obj</name>
      </input_file>
      <input_file id="fl-e">
         <path>C:\Users\Goran\workspace_v5_5\IdiotBox\TivaWare_C_Series-1.0\driverlib\ccs\Debug\</path>
         <kind>archive</kind>
         <file>driverlib.lib</file>
         <name>interrupt.obj</name>
      </input_file>
      <input_file id="fl-f">
         <path>C:\Users\Goran\workspace_v5_5\IdiotBox\TivaWare_C_Series-1.0\driverlib\ccs\Debug\</path>
         <kind>archive</kind>
         <file>driverlib.lib</file>
         <name>gpio.obj</name>
      </input_file>
      <input_file id="fl-10">
         <path>C:\Users\Goran\workspace_v5_5\IdiotBox\TivaWare_C_Series-1.0\driverlib\ccs\Debug\</path>
         <kind>archive</kind>
         <file>driverlib.lib</file>
         <name>cpu.obj</name>
      </input_file>
      <input_file id="fl-13a">
         <path>C:\ti\ccsv5\tools\compiler\arm_5.1.1\lib\</path>
         <kind>archive</kind>
         <file>rtsv7M4_T_le_v4SPD16_eabi.lib</file>
         <name>boot.obj</name>
      </input_file>
      <input_file id="fl-13b">
         <path>C:\ti\ccsv5\tools\compiler\arm_5.1.1\lib\</path>
         <kind>archive</kind>
         <file>rtsv7M4_T_le_v4SPD16_eabi.lib</file>
         <name>copy_decompress_none.obj</name>
      </input_file>
      <input_file id="fl-13c">
         <path>C:\ti\ccsv5\tools\compiler\arm_5.1.1\lib\</path>
         <kind>archive</kind>
         <file>rtsv7M4_T_le_v4SPD16_eabi.lib</file>
         <name>copy_decompress_rle.obj</name>
      </input_file>
      <input_file id="fl-13d">
         <path>C:\ti\ccsv5\tools\compiler\arm_5.1.1\lib\</path>
         <kind>archive</kind>
         <file>rtsv7M4_T_le_v4SPD16_eabi.lib</file>
         <name>copy_zero_init.obj</name>
      </input_file>
      <input_file id="fl-13e">
         <path>C:\ti\ccsv5\tools\compiler\arm_5.1.1\lib\</path>
         <kind>archive</kind>
         <file>rtsv7M4_T_le_v4SPD16_eabi.lib</file>
         <name>exit.obj</name>
      </input_file>
      <input_file id="fl-13f">
         <path>C:\ti\ccsv5\tools\compiler\arm_5.1.1\lib\</path>
         <kind>archive</kind>
         <file>rtsv7M4_T_le_v4SPD16_eabi.lib</file>
         <name>fd_add_t2.obj</name>
      </input_file>
      <input_file id="fl-140">
         <path>C:\ti\ccsv5\tools\compiler\arm_5.1.1\lib\</path>
         <kind>archive</kind>
         <file>rtsv7M4_T_le_v4SPD16_eabi.lib</file>
         <name>fd_tou_t2.obj</name>
      </input_file>
      <input_file id="fl-141">
         <path>C:\ti\ccsv5\tools\compiler\arm_5.1.1\lib\</path>
         <kind>archive</kind>
         <file>rtsv7M4_T_le_v4SPD16_eabi.lib</file>
         <name>i_tofd_t2.obj</name>
      </input_file>
      <input_file id="fl-142">
         <path>C:\ti\ccsv5\tools\compiler\arm_5.1.1\lib\</path>
         <kind>archive</kind>
         <file>rtsv7M4_T_le_v4SPD16_eabi.lib</file>
         <name>memcpy_t2.obj</name>
      </input_file>
      <input_file id="fl-143">
         <path>C:\ti\ccsv5\tools\compiler\arm_5.1.1\lib\</path>
         <kind>archive</kind>
         <file>rtsv7M4_T_le_v4SPD16_eabi.lib</file>
         <name>stkdepth_vars.obj</name>
      </input_file>
      <input_file id="fl-144">
         <path>C:\ti\ccsv5\tools\compiler\arm_5.1.1\lib\</path>
         <kind>archive</kind>
         <file>rtsv7M4_T_le_v4SPD16_eabi.lib</file>
         <name>u_divt2.obj</name>
      </input_file>
      <input_file id="fl-145">
         <path>C:\ti\ccsv5\tools\compiler\arm_5.1.1\lib\</path>
         <kind>archive</kind>
         <file>rtsv7M4_T_le_v4SPD16_eabi.lib</file>
         <name>_lock.obj</name>
      </input_file>
      <input_file id="fl-146">
         <path>C:\ti\ccsv5\tools\compiler\arm_5.1.1\lib\</path>
         <kind>archive</kind>
         <file>rtsv7M4_T_le_v4SPD16_eabi.lib</file>
         <name>args_main.obj</name>
      </input_file>
      <input_file id="fl-147">
         <path>C:\ti\ccsv5\tools\compiler\arm_5.1.1\lib\</path>
         <kind>archive</kind>
         <file>rtsv7M4_T_le_v4SPD16_eabi.lib</file>
         <name>auto_init.obj</name>
      </input_file>
      <input_file id="fl-148">
         <path>C:\ti\ccsv5\tools\compiler\arm_5.1.1\lib\</path>
         <kind>archive</kind>
         <file>rtsv7M4_T_le_v4SPD16_eabi.lib</file>
         <name>cpy_tbl.obj</name>
      </input_file>
   </input_file_list>
   <object_component_list>
      <object_component id="oc-e">
         <name>.intvecs</name>
         <load_address>0x0</load_address>
         <run_address>0x0</run_address>
         <size>0x26c</size>
         <input_file_ref idref="fl-4"/>
      </object_component>
      <object_component id="oc-96">
         <name>.text:main</name>
         <load_address>0x26c</load_address>
         <run_address>0x26c</run_address>
         <size>0x4ec</size>
         <input_file_ref idref="fl-3"/>
      </object_component>
      <object_component id="oc-149">
         <name>.text:UARTvprintf</name>
         <load_address>0x758</load_address>
         <run_address>0x758</run_address>
         <size>0x30c</size>
         <input_file_ref idref="fl-2"/>
      </object_component>
      <object_component id="oc-f9">
         <name>.text</name>
         <load_address>0xa64</load_address>
         <run_address>0xa64</run_address>
         <size>0x1b6</size>
         <input_file_ref idref="fl-13f"/>
      </object_component>
      <object_component id="oc-2e">
         <name>.text:FaultISR</name>
         <load_address>0xc1a</load_address>
         <run_address>0xc1a</run_address>
         <size>0x2</size>
         <input_file_ref idref="fl-4"/>
      </object_component>
      <object_component id="oc-e1">
         <name>.text:WriteDotCorrection</name>
         <load_address>0xc1c</load_address>
         <run_address>0xc1c</run_address>
         <size>0x178</size>
         <input_file_ref idref="fl-3"/>
      </object_component>
      <object_component id="oc-38">
         <name>.text:PWMIntHandler</name>
         <load_address>0xd94</load_address>
         <run_address>0xd94</run_address>
         <size>0x118</size>
         <input_file_ref idref="fl-3"/>
      </object_component>
      <object_component id="oc-101">
         <name>.text:KeybdRead</name>
         <load_address>0xeac</load_address>
         <run_address>0xeac</run_address>
         <size>0xc4</size>
         <input_file_ref idref="fl-3"/>
      </object_component>
      <object_component id="oc-eb">
         <name>.text:ConfigurePWMDAC</name>
         <load_address>0xf70</load_address>
         <run_address>0xf70</run_address>
         <size>0xc0</size>
         <input_file_ref idref="fl-3"/>
      </object_component>
      <object_component id="oc-161">
         <name>.text:GPIOPadConfigSet</name>
         <load_address>0x1030</load_address>
         <run_address>0x1030</run_address>
         <size>0xb8</size>
         <input_file_ref idref="fl-f"/>
      </object_component>
      <object_component id="oc-e6">
         <name>.text:ConfigureGSCLK</name>
         <load_address>0x10e8</load_address>
         <run_address>0x10e8</run_address>
         <size>0xb4</size>
         <input_file_ref idref="fl-3"/>
      </object_component>
      <object_component id="oc-156">
         <name>.text:SysCtlClockGet</name>
         <load_address>0x119c</load_address>
         <run_address>0x119c</run_address>
         <size>0xb4</size>
         <input_file_ref idref="fl-d"/>
      </object_component>
      <object_component id="oc-106">
         <name>.text:RenderCharacter</name>
         <load_address>0x1250</load_address>
         <run_address>0x1250</run_address>
         <size>0xae</size>
         <input_file_ref idref="fl-3"/>
      </object_component>
      <object_component id="oc-33">
         <name>.text:IntDefaultHandler</name>
         <load_address>0x12fe</load_address>
         <run_address>0x12fe</run_address>
         <size>0x2</size>
         <input_file_ref idref="fl-4"/>
      </object_component>
      <object_component id="oc-10b">
         <name>.text:RenderDomino</name>
         <load_address>0x1300</load_address>
         <run_address>0x1300</run_address>
         <size>0xa8</size>
         <input_file_ref idref="fl-3"/>
      </object_component>
      <object_component id="oc-51">
         <name>.text</name>
         <load_address>0x13a8</load_address>
         <run_address>0x13a8</run_address>
         <size>0x9c</size>
         <input_file_ref idref="fl-142"/>
      </object_component>
      <object_component id="oc-40">
         <name>.text</name>
         <load_address>0x1444</load_address>
         <run_address>0x1444</run_address>
         <size>0x94</size>
         <input_file_ref idref="fl-147"/>
      </object_component>
      <object_component id="oc-f0">
         <name>.text:SineApprox</name>
         <load_address>0x14d8</load_address>
         <run_address>0x14d8</run_address>
         <size>0x8c</size>
         <input_file_ref idref="fl-5"/>
      </object_component>
      <object_component id="oc-d7">
         <name>.text:ConfigureSSI</name>
         <load_address>0x1564</load_address>
         <run_address>0x1564</run_address>
         <size>0x80</size>
         <input_file_ref idref="fl-3"/>
      </object_component>
      <object_component id="oc-143">
         <name>.text:UARTStdioConfig</name>
         <load_address>0x15e4</load_address>
         <run_address>0x15e4</run_address>
         <size>0x74</size>
         <input_file_ref idref="fl-2"/>
      </object_component>
      <object_component id="oc-d2">
         <name>.text:ConfigureRowDriver</name>
         <load_address>0x1658</load_address>
         <run_address>0x1658</run_address>
         <size>0x70</size>
         <input_file_ref idref="fl-3"/>
      </object_component>
      <object_component id="oc-c8">
         <name>.text:ConfigureUART</name>
         <load_address>0x16c8</load_address>
         <run_address>0x16c8</run_address>
         <size>0x64</size>
         <input_file_ref idref="fl-3"/>
      </object_component>
      <object_component id="oc-178">
         <name>.text:IntEnable</name>
         <load_address>0x172c</load_address>
         <run_address>0x172c</run_address>
         <size>0x60</size>
         <input_file_ref idref="fl-e"/>
      </object_component>
      <object_component id="oc-63">
         <name>.text</name>
         <load_address>0x178c</load_address>
         <run_address>0x178c</run_address>
         <size>0x5e</size>
         <input_file_ref idref="fl-13c"/>
      </object_component>
      <object_component id="oc-29">
         <name>.text:NmiSR</name>
         <load_address>0x17ea</load_address>
         <run_address>0x17ea</run_address>
         <size>0x2</size>
         <input_file_ref idref="fl-4"/>
      </object_component>
      <object_component id="oc-19c">
         <name>.text:UARTwrite</name>
         <load_address>0x17ec</load_address>
         <run_address>0x17ec</run_address>
         <size>0x5c</size>
         <input_file_ref idref="fl-2"/>
      </object_component>
      <object_component id="oc-dc">
         <name>.text:ConfigureKeybdScan</name>
         <load_address>0x1848</load_address>
         <run_address>0x1848</run_address>
         <size>0x50</size>
         <input_file_ref idref="fl-3"/>
      </object_component>
      <object_component id="oc-10">
         <name>.text</name>
         <load_address>0x1898</load_address>
         <run_address>0x1898</run_address>
         <size>0x48</size>
         <input_file_ref idref="fl-13a"/>
      </object_component>
      <object_component id="oc-90">
         <name>.text</name>
         <load_address>0x18e0</load_address>
         <run_address>0x18e0</run_address>
         <size>0x44</size>
         <input_file_ref idref="fl-148"/>
      </object_component>
      <object_component id="oc-49">
         <name>.text</name>
         <load_address>0x1924</load_address>
         <run_address>0x1924</run_address>
         <size>0x44</size>
         <input_file_ref idref="fl-13e"/>
      </object_component>
      <object_component id="oc-fd">
         <name>.text</name>
         <load_address>0x1968</load_address>
         <run_address>0x1968</run_address>
         <size>0x44</size>
         <input_file_ref idref="fl-140"/>
      </object_component>
      <object_component id="oc-1a1">
         <name>.text</name>
         <load_address>0x19ac</load_address>
         <run_address>0x19ac</run_address>
         <size>0x42</size>
         <input_file_ref idref="fl-144"/>
      </object_component>
      <object_component id="oc-f5">
         <name>.text</name>
         <load_address>0x19ee</load_address>
         <run_address>0x19ee</run_address>
         <size>0x2e</size>
         <input_file_ref idref="fl-141"/>
      </object_component>
      <object_component id="oc-15c">
         <name>.text:GPIODirModeSet</name>
         <load_address>0x1a1c</load_address>
         <run_address>0x1a1c</run_address>
         <size>0x2a</size>
         <input_file_ref idref="fl-f"/>
      </object_component>
      <object_component id="oc-cd">
         <name>.text:UARTprintf</name>
         <load_address>0x1a46</load_address>
         <run_address>0x1a46</run_address>
         <size>0x24</size>
         <input_file_ref idref="fl-2"/>
      </object_component>
      <object_component id="oc-44">
         <name>.text</name>
         <load_address>0x1a6c</load_address>
         <run_address>0x1a6c</run_address>
         <size>0x18</size>
         <input_file_ref idref="fl-146"/>
      </object_component>
      <object_component id="oc-124">
         <name>.text</name>
         <load_address>0x1a84</load_address>
         <run_address>0x1a84</run_address>
         <size>0x14</size>
         <input_file_ref idref="fl-145"/>
      </object_component>
      <object_component id="oc-168">
         <name>.text:GPIOPinTypeGPIOInput</name>
         <load_address>0x1a98</load_address>
         <run_address>0x1a98</run_address>
         <size>0x12</size>
         <input_file_ref idref="fl-f"/>
      </object_component>
      <object_component id="oc-173">
         <name>.text:TimerControlEvent</name>
         <load_address>0x1aaa</load_address>
         <run_address>0x1aaa</run_address>
         <size>0x12</size>
         <input_file_ref idref="fl-c"/>
      </object_component>
      <object_component id="oc-73">
         <name>.text:TimerMatchSet</name>
         <load_address>0x1abc</load_address>
         <run_address>0x1abc</run_address>
         <size>0x12</size>
         <input_file_ref idref="fl-c"/>
      </object_component>
      <object_component id="oc-16d">
         <name>.text:TimerPrescaleMatchSet</name>
         <load_address>0x1ace</load_address>
         <run_address>0x1ace</run_address>
         <size>0x12</size>
         <input_file_ref idref="fl-c"/>
      </object_component>
      <object_component id="oc-19">
         <name>.text:decompress:ZI</name>
         <load_address>0x1ae0</load_address>
         <run_address>0x1ae0</run_address>
         <size>0x12</size>
         <input_file_ref idref="fl-13d"/>
      </object_component>
      <object_component id="oc-14">
         <name>.text:decompress:none</name>
         <load_address>0x1af2</load_address>
         <run_address>0x1af2</run_address>
         <size>0xe</size>
         <input_file_ref idref="fl-13b"/>
      </object_component>
      <object_component id="oc-24">
         <name>.text:ResetISR</name>
         <load_address>0x1b00</load_address>
         <run_address>0x1b00</run_address>
         <size>0x6</size>
         <input_file_ref idref="fl-4"/>
      </object_component>
      <object_component id="oc-78">
         <name>.text:SysCtlDelay</name>
         <load_address>0x1b06</load_address>
         <run_address>0x1b06</run_address>
         <size>0x6</size>
         <input_file_ref idref="fl-d"/>
      </object_component>
      <object_component id="oc-13e">
         <name>.text:UARTClockSourceSet</name>
         <load_address>0x1b0c</load_address>
         <run_address>0x1b0c</run_address>
         <size>0x6</size>
         <input_file_ref idref="fl-b"/>
      </object_component>
      <object_component id="oc-1e">
         <name>.text:decompress:rle24</name>
         <load_address>0x1b12</load_address>
         <run_address>0x1b12</run_address>
         <size>0x6</size>
         <input_file_ref idref="fl-13c"/>
      </object_component>
      <object_component id="oc-1b1">
         <name>.const</name>
         <load_address>0x1b18</load_address>
         <run_address>0x1b18</run_address>
         <size>0x70</size>
         <input_file_ref idref="fl-e"/>
      </object_component>
      <object_component id="oc-1a8">
         <name>.const:g_pui32Xtals</name>
         <load_address>0x1b88</load_address>
         <run_address>0x1b88</run_address>
         <size>0x6c</size>
         <input_file_ref idref="fl-d"/>
      </object_component>
      <object_component id="oc-196">
         <name>.const</name>
         <load_address>0x1bf4</load_address>
         <run_address>0x1bf4</run_address>
         <size>0x1c</size>
         <input_file_ref idref="fl-2"/>
      </object_component>
      <object_component id="oc-1be">
         <name>.const:.string</name>
         <load_address>0x1c10</load_address>
         <run_address>0x1c10</run_address>
         <size>0x12</size>
         <input_file_ref idref="fl-2"/>
      </object_component>
      <object_component id="oc-1f0">
         <name>.cinit..data.load</name>
         <load_address>0x1c28</load_address>
         <run_address>0x1c28</run_address>
         <size>0x419</size>
      </object_component>
      <object_component id="oc-1ee">
         <name>__TI_handler_table</name>
         <load_address>0x2044</load_address>
         <run_address>0x2044</run_address>
         <size>0xc</size>
      </object_component>
      <object_component id="oc-1f1">
         <name>.cinit..bss.load</name>
         <load_address>0x2050</load_address>
         <run_address>0x2050</run_address>
         <size>0x8</size>
      </object_component>
      <object_component id="oc-1ef">
         <name>__TI_cinit_table</name>
         <load_address>0x2058</load_address>
         <run_address>0x2058</run_address>
         <size>0x10</size>
      </object_component>
      <object_component id="oc-4e">
         <name>.data</name>
         <load_address>0x20000460</load_address>
         <run_address>0x20000460</run_address>
         <size>0x4</size>
         <input_file_ref idref="fl-143"/>
      </object_component>
      <object_component id="oc-7d">
         <name>.data</name>
         <load_address>0x20000300</load_address>
         <run_address>0x20000300</run_address>
         <size>0x44</size>
         <input_file_ref idref="fl-3"/>
      </object_component>
      <object_component id="oc-9d">
         <name>.data</name>
         <load_address>0x20000448</load_address>
         <run_address>0x20000448</run_address>
         <size>0x8</size>
         <input_file_ref idref="fl-145"/>
      </object_component>
      <object_component id="oc-9f">
         <name>.data</name>
         <load_address>0x20000450</load_address>
         <run_address>0x20000450</run_address>
         <size>0x8</size>
         <input_file_ref idref="fl-13e"/>
      </object_component>
      <object_component id="oc-115">
         <name>.data:toneFreqMap</name>
         <load_address>0x200003c8</load_address>
         <run_address>0x200003c8</run_address>
         <size>0x40</size>
         <input_file_ref idref="fl-3"/>
      </object_component>
      <object_component id="oc-117">
         <name>.data:traceFreqMap</name>
         <load_address>0x20000408</load_address>
         <run_address>0x20000408</run_address>
         <size>0x40</size>
         <input_file_ref idref="fl-3"/>
      </object_component>
      <object_component id="oc-119">
         <name>.data:font8x8_basic</name>
         <load_address>0x20000000</load_address>
         <run_address>0x20000000</run_address>
         <size>0x300</size>
         <input_file_ref idref="fl-6"/>
      </object_component>
      <object_component id="oc-17e">
         <name>.data:sinTab</name>
         <load_address>0x20000386</load_address>
         <run_address>0x20000386</run_address>
         <size>0x40</size>
         <input_file_ref idref="fl-5"/>
      </object_component>
      <object_component id="oc-180">
         <name>.data:resCosTab</name>
         <load_address>0x20000344</load_address>
         <run_address>0x20000344</run_address>
         <size>0x42</size>
         <input_file_ref idref="fl-5"/>
      </object_component>
      <object_component id="oc-198">
         <name>.data</name>
         <load_address>0x20000458</load_address>
         <run_address>0x20000458</run_address>
         <size>0x5</size>
         <input_file_ref idref="fl-2"/>
      </object_component>
      <object_component id="oc-7b">
         <name>.bss:g_pwmDacValues</name>
         <uninitialized>true</uninitialized>
         <run_address>0x20000564</run_address>
         <size>0x100</size>
         <input_file_ref idref="fl-3"/>
      </object_component>
      <object_component id="oc-81">
         <name>.bss:g_gsValues</name>
         <uninitialized>true</uninitialized>
         <run_address>0x20000464</run_address>
         <size>0x100</size>
         <input_file_ref idref="fl-3"/>
      </object_component>
      <object_component id="oc-11b">
         <name>.common:g_NewGSCycle</name>
         <uninitialized>true</uninitialized>
         <run_address>0x20000664</run_address>
         <size>0x4</size>
      </object_component>
      <object_component id="oc-113">
         <name>.common:g_count16kHz</name>
         <uninitialized>true</uninitialized>
         <run_address>0x2000066c</run_address>
         <size>0x1</size>
      </object_component>
      <object_component id="oc-112">
         <name>.common:g_ledRow</name>
         <uninitialized>true</uninitialized>
         <run_address>0x20000668</run_address>
         <size>0x4</size>
      </object_component>
      <object_component id="oc-186">
         <name>.common:g_kbRow</name>
         <uninitialized>true</uninitialized>
         <run_address>0x2000066d</run_address>
         <size>0x1</size>
      </object_component>
      <object_component id="oc-23">
         <name>.stack</name>
         <uninitialized>true</uninitialized>
         <run_address>0x20000670</run_address>
         <size>0x0</size>
         <input_file_ref idref="fl-13a"/>
      </object_component>
      <object_component id="oc-1f2">
         <name>.stack</name>
         <uninitialized>true</uninitialized>
         <run_address>0x20000670</run_address>
         <size>0x0</size>
      </object_component>
      <object_component id="oc-f">
         <name>.debug_info</name>
         <load_address>0x0</load_address>
         <run_address>0x0</run_address>
         <size>0xeb</size>
         <input_file_ref idref="fl-4"/>
      </object_component>
      <object_component id="oc-13">
         <name>.debug_info</name>
         <load_address>0xeb</load_address>
         <run_address>0xeb</run_address>
         <size>0xf3</size>
         <input_file_ref idref="fl-13a"/>
      </object_component>
      <object_component id="oc-18">
         <name>.debug_info</name>
         <load_address>0x1de</load_address>
         <run_address>0x1de</run_address>
         <size>0x194</size>
         <input_file_ref idref="fl-13b"/>
      </object_component>
      <object_component id="oc-1a">
         <name>.debug_info</name>
         <load_address>0x372</load_address>
         <run_address>0x372</run_address>
         <size>0x16a</size>
         <input_file_ref idref="fl-13d"/>
      </object_component>
      <object_component id="oc-20">
         <name>.debug_info</name>
         <load_address>0x4dc</load_address>
         <run_address>0x4dc</run_address>
         <size>0x18e</size>
         <input_file_ref idref="fl-13c"/>
      </object_component>
      <object_component id="oc-25">
         <name>.debug_info</name>
         <load_address>0x66a</load_address>
         <run_address>0x66a</run_address>
         <size>0x11b</size>
         <input_file_ref idref="fl-4"/>
      </object_component>
      <object_component id="oc-2a">
         <name>.debug_info</name>
         <load_address>0x785</load_address>
         <run_address>0x785</run_address>
         <size>0x10c</size>
         <input_file_ref idref="fl-4"/>
      </object_component>
      <object_component id="oc-2f">
         <name>.debug_info</name>
         <load_address>0x891</load_address>
         <run_address>0x891</run_address>
         <size>0x112</size>
         <input_file_ref idref="fl-4"/>
      </object_component>
      <object_component id="oc-34">
         <name>.debug_info</name>
         <load_address>0x9a3</load_address>
         <run_address>0x9a3</run_address>
         <size>0x124</size>
         <input_file_ref idref="fl-4"/>
      </object_component>
      <object_component id="oc-39">
         <name>.debug_info</name>
         <load_address>0xac7</load_address>
         <run_address>0xac7</run_address>
         <size>0x1a6</size>
         <input_file_ref idref="fl-3"/>
      </object_component>
      <object_component id="oc-3f">
         <name>.debug_info</name>
         <load_address>0xc6d</load_address>
         <run_address>0xc6d</run_address>
         <size>0x128</size>
         <input_file_ref idref="fl-4"/>
      </object_component>
      <object_component id="oc-42">
         <name>.debug_info</name>
         <load_address>0xd95</load_address>
         <run_address>0xd95</run_address>
         <size>0x13d</size>
         <input_file_ref idref="fl-147"/>
      </object_component>
      <object_component id="oc-45">
         <name>.debug_info</name>
         <load_address>0xed2</load_address>
         <run_address>0xed2</run_address>
         <size>0x11c</size>
         <input_file_ref idref="fl-146"/>
      </object_component>
      <object_component id="oc-4a">
         <name>.debug_info</name>
         <load_address>0xfee</load_address>
         <run_address>0xfee</run_address>
         <size>0x1c2</size>
         <input_file_ref idref="fl-13e"/>
      </object_component>
      <object_component id="oc-4f">
         <name>.debug_info</name>
         <load_address>0x11b0</load_address>
         <run_address>0x11b0</run_address>
         <size>0xbe</size>
         <input_file_ref idref="fl-143"/>
      </object_component>
      <object_component id="oc-52">
         <name>.debug_info</name>
         <load_address>0x126e</load_address>
         <run_address>0x126e</run_address>
         <size>0xcc</size>
         <input_file_ref idref="fl-142"/>
      </object_component>
      <object_component id="oc-56">
         <name>.debug_info</name>
         <load_address>0x133a</load_address>
         <run_address>0x133a</run_address>
         <size>0x46</size>
         <input_file_ref idref="fl-13b"/>
      </object_component>
      <object_component id="oc-5b">
         <name>.debug_info</name>
         <load_address>0x1380</load_address>
         <run_address>0x1380</run_address>
         <size>0xf2</size>
         <input_file_ref idref="fl-13b"/>
      </object_component>
      <object_component id="oc-5d">
         <name>.debug_info</name>
         <load_address>0x1472</load_address>
         <run_address>0x1472</run_address>
         <size>0x46</size>
         <input_file_ref idref="fl-13d"/>
      </object_component>
      <object_component id="oc-62">
         <name>.debug_info</name>
         <load_address>0x14b8</load_address>
         <run_address>0x14b8</run_address>
         <size>0xad</size>
         <input_file_ref idref="fl-13d"/>
      </object_component>
      <object_component id="oc-65">
         <name>.debug_info</name>
         <load_address>0x1565</load_address>
         <run_address>0x1565</run_address>
         <size>0x1ef</size>
         <input_file_ref idref="fl-13c"/>
      </object_component>
      <object_component id="oc-69">
         <name>.debug_info</name>
         <load_address>0x1754</load_address>
         <run_address>0x1754</run_address>
         <size>0xb7</size>
         <input_file_ref idref="fl-13c"/>
      </object_component>
      <object_component id="oc-6a">
         <name>.debug_info</name>
         <load_address>0x180b</load_address>
         <run_address>0x180b</run_address>
         <size>0x39</size>
         <input_file_ref idref="fl-13c"/>
      </object_component>
      <object_component id="oc-74">
         <name>.debug_info</name>
         <load_address>0x1844</load_address>
         <run_address>0x1844</run_address>
         <size>0x220</size>
         <input_file_ref idref="fl-c"/>
      </object_component>
      <object_component id="oc-7a">
         <name>.debug_info</name>
         <load_address>0x1a64</load_address>
         <run_address>0x1a64</run_address>
         <size>0x4da</size>
         <input_file_ref idref="fl-3"/>
      </object_component>
      <object_component id="oc-7c">
         <name>.debug_info</name>
         <load_address>0x1f3e</load_address>
         <run_address>0x1f3e</run_address>
         <size>0xf0</size>
         <input_file_ref idref="fl-3"/>
      </object_component>
      <object_component id="oc-7e">
         <name>.debug_info</name>
         <load_address>0x202e</load_address>
         <run_address>0x202e</run_address>
         <size>0x126</size>
         <input_file_ref idref="fl-3"/>
      </object_component>
      <object_component id="oc-82">
         <name>.debug_info</name>
         <load_address>0x2154</load_address>
         <run_address>0x2154</run_address>
         <size>0xe8</size>
         <input_file_ref idref="fl-3"/>
      </object_component>
      <object_component id="oc-86">
         <name>.debug_info</name>
         <load_address>0x223c</load_address>
         <run_address>0x223c</run_address>
         <size>0x84</size>
         <input_file_ref idref="fl-2"/>
      </object_component>
      <object_component id="oc-8b">
         <name>.debug_info</name>
         <load_address>0x22c0</load_address>
         <run_address>0x22c0</run_address>
         <size>0x18b</size>
         <input_file_ref idref="fl-2"/>
      </object_component>
      <object_component id="oc-91">
         <name>.debug_info</name>
         <load_address>0x244b</load_address>
         <run_address>0x244b</run_address>
         <size>0x14b</size>
         <input_file_ref idref="fl-148"/>
      </object_component>
      <object_component id="oc-97">
         <name>.debug_info</name>
         <load_address>0x2596</load_address>
         <run_address>0x2596</run_address>
         <size>0x533</size>
         <input_file_ref idref="fl-3"/>
      </object_component>
      <object_component id="oc-9c">
         <name>.debug_info</name>
         <load_address>0x2ac9</load_address>
         <run_address>0x2ac9</run_address>
         <size>0x11b</size>
         <input_file_ref idref="fl-146"/>
      </object_component>
      <object_component id="oc-9e">
         <name>.debug_info</name>
         <load_address>0x2be4</load_address>
         <run_address>0x2be4</run_address>
         <size>0xc8</size>
         <input_file_ref idref="fl-145"/>
      </object_component>
      <object_component id="oc-a0">
         <name>.debug_info</name>
         <load_address>0x2cac</load_address>
         <run_address>0x2cac</run_address>
         <size>0xeb</size>
         <input_file_ref idref="fl-13e"/>
      </object_component>
      <object_component id="oc-a2">
         <name>.debug_info</name>
         <load_address>0x2d97</load_address>
         <run_address>0x2d97</run_address>
         <size>0x146</size>
         <input_file_ref idref="fl-13e"/>
      </object_component>
      <object_component id="oc-a6">
         <name>.debug_info</name>
         <load_address>0x2edd</load_address>
         <run_address>0x2edd</run_address>
         <size>0x2c</size>
         <input_file_ref idref="fl-13b"/>
      </object_component>
      <object_component id="oc-ad">
         <name>.debug_info</name>
         <load_address>0x2f09</load_address>
         <run_address>0x2f09</run_address>
         <size>0x2c</size>
         <input_file_ref idref="fl-13d"/>
      </object_component>
      <object_component id="oc-b8">
         <name>.debug_info</name>
         <load_address>0x2f35</load_address>
         <run_address>0x2f35</run_address>
         <size>0x18b</size>
         <input_file_ref idref="fl-b"/>
      </object_component>
      <object_component id="oc-bd">
         <name>.debug_info</name>
         <load_address>0x30c0</load_address>
         <run_address>0x30c0</run_address>
         <size>0x1b9</size>
         <input_file_ref idref="fl-c"/>
      </object_component>
      <object_component id="oc-c7">
         <name>.debug_info</name>
         <load_address>0x3279</load_address>
         <run_address>0x3279</run_address>
         <size>0x148</size>
         <input_file_ref idref="fl-148"/>
      </object_component>
      <object_component id="oc-c9">
         <name>.debug_info</name>
         <load_address>0x33c1</load_address>
         <run_address>0x33c1</run_address>
         <size>0x176</size>
         <input_file_ref idref="fl-3"/>
      </object_component>
      <object_component id="oc-ce">
         <name>.debug_info</name>
         <load_address>0x3537</load_address>
         <run_address>0x3537</run_address>
         <size>0x21f</size>
         <input_file_ref idref="fl-2"/>
      </object_component>
      <object_component id="oc-d3">
         <name>.debug_info</name>
         <load_address>0x3756</load_address>
         <run_address>0x3756</run_address>
         <size>0x15f</size>
         <input_file_ref idref="fl-3"/>
      </object_component>
      <object_component id="oc-d8">
         <name>.debug_info</name>
         <load_address>0x38b5</load_address>
         <run_address>0x38b5</run_address>
         <size>0x168</size>
         <input_file_ref idref="fl-3"/>
      </object_component>
      <object_component id="oc-dd">
         <name>.debug_info</name>
         <load_address>0x3a1d</load_address>
         <run_address>0x3a1d</run_address>
         <size>0x1b9</size>
         <input_file_ref idref="fl-3"/>
      </object_component>
      <object_component id="oc-e2">
         <name>.debug_info</name>
         <load_address>0x3bd6</load_address>
         <run_address>0x3bd6</run_address>
         <size>0x220</size>
         <input_file_ref idref="fl-3"/>
      </object_component>
      <object_component id="oc-e7">
         <name>.debug_info</name>
         <load_address>0x3df6</load_address>
         <run_address>0x3df6</run_address>
         <size>0x1c3</size>
         <input_file_ref idref="fl-3"/>
      </object_component>
      <object_component id="oc-ec">
         <name>.debug_info</name>
         <load_address>0x3fb9</load_address>
         <run_address>0x3fb9</run_address>
         <size>0x1bf</size>
         <input_file_ref idref="fl-3"/>
      </object_component>
      <object_component id="oc-f1">
         <name>.debug_info</name>
         <load_address>0x4178</load_address>
         <run_address>0x4178</run_address>
         <size>0x1f5</size>
         <input_file_ref idref="fl-5"/>
      </object_component>
      <object_component id="oc-f6">
         <name>.debug_info</name>
         <load_address>0x436d</load_address>
         <run_address>0x436d</run_address>
         <size>0xdf</size>
         <input_file_ref idref="fl-141"/>
      </object_component>
      <object_component id="oc-fb">
         <name>.debug_info</name>
         <load_address>0x444c</load_address>
         <run_address>0x444c</run_address>
         <size>0xff</size>
         <input_file_ref idref="fl-13f"/>
      </object_component>
      <object_component id="oc-fe">
         <name>.debug_info</name>
         <load_address>0x454b</load_address>
         <run_address>0x454b</run_address>
         <size>0xec</size>
         <input_file_ref idref="fl-140"/>
      </object_component>
      <object_component id="oc-102">
         <name>.debug_info</name>
         <load_address>0x4637</load_address>
         <run_address>0x4637</run_address>
         <size>0x180</size>
         <input_file_ref idref="fl-3"/>
      </object_component>
      <object_component id="oc-107">
         <name>.debug_info</name>
         <load_address>0x47b7</load_address>
         <run_address>0x47b7</run_address>
         <size>0x225</size>
         <input_file_ref idref="fl-3"/>
      </object_component>
      <object_component id="oc-10c">
         <name>.debug_info</name>
         <load_address>0x49dc</load_address>
         <run_address>0x49dc</run_address>
         <size>0x1bb</size>
         <input_file_ref idref="fl-3"/>
      </object_component>
      <object_component id="oc-116">
         <name>.debug_info</name>
         <load_address>0x4b97</load_address>
         <run_address>0x4b97</run_address>
         <size>0xea</size>
         <input_file_ref idref="fl-3"/>
      </object_component>
      <object_component id="oc-118">
         <name>.debug_info</name>
         <load_address>0x4c81</load_address>
         <run_address>0x4c81</run_address>
         <size>0xec</size>
         <input_file_ref idref="fl-3"/>
      </object_component>
      <object_component id="oc-11a">
         <name>.debug_info</name>
         <load_address>0x4d6d</load_address>
         <run_address>0x4d6d</run_address>
         <size>0xe9</size>
         <input_file_ref idref="fl-6"/>
      </object_component>
      <object_component id="oc-11f">
         <name>.debug_info</name>
         <load_address>0x4e56</load_address>
         <run_address>0x4e56</run_address>
         <size>0x5e</size>
         <input_file_ref idref="fl-146"/>
      </object_component>
      <object_component id="oc-125">
         <name>.debug_info</name>
         <load_address>0x4eb4</load_address>
         <run_address>0x4eb4</run_address>
         <size>0x1d4</size>
         <input_file_ref idref="fl-145"/>
      </object_component>
      <object_component id="oc-12b">
         <name>.debug_info</name>
         <load_address>0x5088</load_address>
         <run_address>0x5088</run_address>
         <size>0xd9</size>
         <input_file_ref idref="fl-145"/>
      </object_component>
      <object_component id="oc-130">
         <name>.debug_info</name>
         <load_address>0x5161</load_address>
         <run_address>0x5161</run_address>
         <size>0x90</size>
         <input_file_ref idref="fl-b"/>
      </object_component>
      <object_component id="oc-139">
         <name>.debug_info</name>
         <load_address>0x51f1</load_address>
         <run_address>0x51f1</run_address>
         <size>0xcd</size>
         <input_file_ref idref="fl-148"/>
      </object_component>
      <object_component id="oc-13f">
         <name>.debug_info</name>
         <load_address>0x52be</load_address>
         <run_address>0x52be</run_address>
         <size>0x1f5</size>
         <input_file_ref idref="fl-b"/>
      </object_component>
      <object_component id="oc-144">
         <name>.debug_info</name>
         <load_address>0x54b3</load_address>
         <run_address>0x54b3</run_address>
         <size>0x2b7</size>
         <input_file_ref idref="fl-2"/>
      </object_component>
      <object_component id="oc-14a">
         <name>.debug_info</name>
         <load_address>0x576a</load_address>
         <run_address>0x576a</run_address>
         <size>0x3b4</size>
         <input_file_ref idref="fl-2"/>
      </object_component>
      <object_component id="oc-14f">
         <name>.debug_info</name>
         <load_address>0x5b1e</load_address>
         <run_address>0x5b1e</run_address>
         <size>0x13d</size>
         <input_file_ref idref="fl-2"/>
      </object_component>
      <object_component id="oc-150">
         <name>.debug_info</name>
         <load_address>0x5c5b</load_address>
         <run_address>0x5c5b</run_address>
         <size>0x4e</size>
         <input_file_ref idref="fl-2"/>
      </object_component>
      <object_component id="oc-157">
         <name>.debug_info</name>
         <load_address>0x5ca9</load_address>
         <run_address>0x5ca9</run_address>
         <size>0x202</size>
         <input_file_ref idref="fl-d"/>
      </object_component>
      <object_component id="oc-15d">
         <name>.debug_info</name>
         <load_address>0x5eab</load_address>
         <run_address>0x5eab</run_address>
         <size>0x215</size>
         <input_file_ref idref="fl-f"/>
      </object_component>
      <object_component id="oc-162">
         <name>.debug_info</name>
         <load_address>0x60c0</load_address>
         <run_address>0x60c0</run_address>
         <size>0x265</size>
         <input_file_ref idref="fl-f"/>
      </object_component>
      <object_component id="oc-169">
         <name>.debug_info</name>
         <load_address>0x6325</load_address>
         <run_address>0x6325</run_address>
         <size>0x1e9</size>
         <input_file_ref idref="fl-f"/>
      </object_component>
      <object_component id="oc-16e">
         <name>.debug_info</name>
         <load_address>0x650e</load_address>
         <run_address>0x650e</run_address>
         <size>0x230</size>
         <input_file_ref idref="fl-c"/>
      </object_component>
      <object_component id="oc-174">
         <name>.debug_info</name>
         <load_address>0x673e</load_address>
         <run_address>0x673e</run_address>
         <size>0x228</size>
         <input_file_ref idref="fl-c"/>
      </object_component>
      <object_component id="oc-17a">
         <name>.debug_info</name>
         <load_address>0x6966</load_address>
         <run_address>0x6966</run_address>
         <size>0x1cc</size>
         <input_file_ref idref="fl-e"/>
      </object_component>
      <object_component id="oc-17f">
         <name>.debug_info</name>
         <load_address>0x6b32</load_address>
         <run_address>0x6b32</run_address>
         <size>0xde</size>
         <input_file_ref idref="fl-5"/>
      </object_component>
      <object_component id="oc-181">
         <name>.debug_info</name>
         <load_address>0x6c10</load_address>
         <run_address>0x6c10</run_address>
         <size>0xe4</size>
         <input_file_ref idref="fl-5"/>
      </object_component>
      <object_component id="oc-190">
         <name>.debug_info</name>
         <load_address>0x6cf4</load_address>
         <run_address>0x6cf4</run_address>
         <size>0xe3</size>
         <input_file_ref idref="fl-6"/>
      </object_component>
      <object_component id="oc-195">
         <name>.debug_info</name>
         <load_address>0x6dd7</load_address>
         <run_address>0x6dd7</run_address>
         <size>0x1c8</size>
         <input_file_ref idref="fl-b"/>
      </object_component>
      <object_component id="oc-197">
         <name>.debug_info</name>
         <load_address>0x6f9f</load_address>
         <run_address>0x6f9f</run_address>
         <size>0x17a</size>
         <input_file_ref idref="fl-2"/>
      </object_component>
      <object_component id="oc-199">
         <name>.debug_info</name>
         <load_address>0x7119</load_address>
         <run_address>0x7119</run_address>
         <size>0x124</size>
         <input_file_ref idref="fl-2"/>
      </object_component>
      <object_component id="oc-19a">
         <name>.debug_info</name>
         <load_address>0x723d</load_address>
         <run_address>0x723d</run_address>
         <size>0x2b3</size>
         <input_file_ref idref="fl-2"/>
      </object_component>
      <object_component id="oc-19d">
         <name>.debug_info</name>
         <load_address>0x74f0</load_address>
         <run_address>0x74f0</run_address>
         <size>0x254</size>
         <input_file_ref idref="fl-2"/>
      </object_component>
      <object_component id="oc-1a3">
         <name>.debug_info</name>
         <load_address>0x7744</load_address>
         <run_address>0x7744</run_address>
         <size>0x137</size>
         <input_file_ref idref="fl-144"/>
      </object_component>
      <object_component id="oc-1a9">
         <name>.debug_info</name>
         <load_address>0x787b</load_address>
         <run_address>0x787b</run_address>
         <size>0xff</size>
         <input_file_ref idref="fl-d"/>
      </object_component>
      <object_component id="oc-1ac">
         <name>.debug_info</name>
         <load_address>0x797a</load_address>
         <run_address>0x797a</run_address>
         <size>0x1d1</size>
         <input_file_ref idref="fl-f"/>
      </object_component>
      <object_component id="oc-1b2">
         <name>.debug_info</name>
         <load_address>0x7b4b</load_address>
         <run_address>0x7b4b</run_address>
         <size>0x1c2</size>
         <input_file_ref idref="fl-e"/>
      </object_component>
      <object_component id="oc-1b4">
         <name>.debug_info</name>
         <load_address>0x7d0d</load_address>
         <run_address>0x7d0d</run_address>
         <size>0x1ba</size>
         <input_file_ref idref="fl-e"/>
      </object_component>
      <object_component id="oc-1b7">
         <name>.debug_info</name>
         <load_address>0x7ec7</load_address>
         <run_address>0x7ec7</run_address>
         <size>0xe4</size>
         <input_file_ref idref="fl-5"/>
      </object_component>
      <object_component id="oc-1c9">
         <name>.debug_info</name>
         <load_address>0x7fab</load_address>
         <run_address>0x7fab</run_address>
         <size>0x1e2</size>
         <input_file_ref idref="fl-d"/>
      </object_component>
      <object_component id="oc-1f3">
         <name>.debug_info</name>
         <load_address>0x818d</load_address>
         <run_address>0x818d</run_address>
         <size>0xb2</size>
      </object_component>
      <object_component id="oc-11">
         <name>.debug_aranges</name>
         <load_address>0x0</load_address>
         <run_address>0x0</run_address>
         <size>0x20</size>
         <input_file_ref idref="fl-13a"/>
      </object_component>
      <object_component id="oc-17">
         <name>.debug_aranges</name>
         <load_address>0x20</load_address>
         <run_address>0x20</run_address>
         <size>0x20</size>
         <input_file_ref idref="fl-13b"/>
      </object_component>
      <object_component id="oc-1d">
         <name>.debug_aranges</name>
         <load_address>0x40</load_address>
         <run_address>0x40</run_address>
         <size>0x20</size>
         <input_file_ref idref="fl-13d"/>
      </object_component>
      <object_component id="oc-1f">
         <name>.debug_aranges</name>
         <load_address>0x60</load_address>
         <run_address>0x60</run_address>
         <size>0x20</size>
         <input_file_ref idref="fl-13c"/>
      </object_component>
      <object_component id="oc-28">
         <name>.debug_aranges</name>
         <load_address>0x80</load_address>
         <run_address>0x80</run_address>
         <size>0x20</size>
         <input_file_ref idref="fl-4"/>
      </object_component>
      <object_component id="oc-2d">
         <name>.debug_aranges</name>
         <load_address>0xa0</load_address>
         <run_address>0xa0</run_address>
         <size>0x20</size>
         <input_file_ref idref="fl-4"/>
      </object_component>
      <object_component id="oc-32">
         <name>.debug_aranges</name>
         <load_address>0xc0</load_address>
         <run_address>0xc0</run_address>
         <size>0x20</size>
         <input_file_ref idref="fl-4"/>
      </object_component>
      <object_component id="oc-37">
         <name>.debug_aranges</name>
         <load_address>0xe0</load_address>
         <run_address>0xe0</run_address>
         <size>0x20</size>
         <input_file_ref idref="fl-4"/>
      </object_component>
      <object_component id="oc-3c">
         <name>.debug_aranges</name>
         <load_address>0x100</load_address>
         <run_address>0x100</run_address>
         <size>0x20</size>
         <input_file_ref idref="fl-3"/>
      </object_component>
      <object_component id="oc-43">
         <name>.debug_aranges</name>
         <load_address>0x120</load_address>
         <run_address>0x120</run_address>
         <size>0x28</size>
         <input_file_ref idref="fl-147"/>
      </object_component>
      <object_component id="oc-48">
         <name>.debug_aranges</name>
         <load_address>0x148</load_address>
         <run_address>0x148</run_address>
         <size>0x20</size>
         <input_file_ref idref="fl-146"/>
      </object_component>
      <object_component id="oc-4d">
         <name>.debug_aranges</name>
         <load_address>0x168</load_address>
         <run_address>0x168</run_address>
         <size>0x30</size>
         <input_file_ref idref="fl-13e"/>
      </object_component>
      <object_component id="oc-54">
         <name>.debug_aranges</name>
         <load_address>0x198</load_address>
         <run_address>0x198</run_address>
         <size>0x20</size>
         <input_file_ref idref="fl-142"/>
      </object_component>
      <object_component id="oc-64">
         <name>.debug_aranges</name>
         <load_address>0x1b8</load_address>
         <run_address>0x1b8</run_address>
         <size>0x20</size>
         <input_file_ref idref="fl-13c"/>
      </object_component>
      <object_component id="oc-77">
         <name>.debug_aranges</name>
         <load_address>0x1d8</load_address>
         <run_address>0x1d8</run_address>
         <size>0x20</size>
         <input_file_ref idref="fl-c"/>
      </object_component>
      <object_component id="oc-94">
         <name>.debug_aranges</name>
         <load_address>0x1f8</load_address>
         <run_address>0x1f8</run_address>
         <size>0x20</size>
         <input_file_ref idref="fl-148"/>
      </object_component>
      <object_component id="oc-9a">
         <name>.debug_aranges</name>
         <load_address>0x218</load_address>
         <run_address>0x218</run_address>
         <size>0x20</size>
         <input_file_ref idref="fl-3"/>
      </object_component>
      <object_component id="oc-cc">
         <name>.debug_aranges</name>
         <load_address>0x238</load_address>
         <run_address>0x238</run_address>
         <size>0x20</size>
         <input_file_ref idref="fl-3"/>
      </object_component>
      <object_component id="oc-d1">
         <name>.debug_aranges</name>
         <load_address>0x258</load_address>
         <run_address>0x258</run_address>
         <size>0x20</size>
         <input_file_ref idref="fl-2"/>
      </object_component>
      <object_component id="oc-d6">
         <name>.debug_aranges</name>
         <load_address>0x278</load_address>
         <run_address>0x278</run_address>
         <size>0x20</size>
         <input_file_ref idref="fl-3"/>
      </object_component>
      <object_component id="oc-db">
         <name>.debug_aranges</name>
         <load_address>0x298</load_address>
         <run_address>0x298</run_address>
         <size>0x20</size>
         <input_file_ref idref="fl-3"/>
      </object_component>
      <object_component id="oc-e0">
         <name>.debug_aranges</name>
         <load_address>0x2b8</load_address>
         <run_address>0x2b8</run_address>
         <size>0x20</size>
         <input_file_ref idref="fl-3"/>
      </object_component>
      <object_component id="oc-e5">
         <name>.debug_aranges</name>
         <load_address>0x2d8</load_address>
         <run_address>0x2d8</run_address>
         <size>0x20</size>
         <input_file_ref idref="fl-3"/>
      </object_component>
      <object_component id="oc-ea">
         <name>.debug_aranges</name>
         <load_address>0x2f8</load_address>
         <run_address>0x2f8</run_address>
         <size>0x20</size>
         <input_file_ref idref="fl-3"/>
      </object_component>
      <object_component id="oc-ef">
         <name>.debug_aranges</name>
         <load_address>0x318</load_address>
         <run_address>0x318</run_address>
         <size>0x20</size>
         <input_file_ref idref="fl-3"/>
      </object_component>
      <object_component id="oc-f4">
         <name>.debug_aranges</name>
         <load_address>0x338</load_address>
         <run_address>0x338</run_address>
         <size>0x20</size>
         <input_file_ref idref="fl-5"/>
      </object_component>
      <object_component id="oc-f8">
         <name>.debug_aranges</name>
         <load_address>0x358</load_address>
         <run_address>0x358</run_address>
         <size>0x20</size>
         <input_file_ref idref="fl-141"/>
      </object_component>
      <object_component id="oc-fc">
         <name>.debug_aranges</name>
         <load_address>0x378</load_address>
         <run_address>0x378</run_address>
         <size>0x20</size>
         <input_file_ref idref="fl-13f"/>
      </object_component>
      <object_component id="oc-100">
         <name>.debug_aranges</name>
         <load_address>0x398</load_address>
         <run_address>0x398</run_address>
         <size>0x20</size>
         <input_file_ref idref="fl-140"/>
      </object_component>
      <object_component id="oc-105">
         <name>.debug_aranges</name>
         <load_address>0x3b8</load_address>
         <run_address>0x3b8</run_address>
         <size>0x20</size>
         <input_file_ref idref="fl-3"/>
      </object_component>
      <object_component id="oc-10a">
         <name>.debug_aranges</name>
         <load_address>0x3d8</load_address>
         <run_address>0x3d8</run_address>
         <size>0x20</size>
         <input_file_ref idref="fl-3"/>
      </object_component>
      <object_component id="oc-10f">
         <name>.debug_aranges</name>
         <load_address>0x3f8</load_address>
         <run_address>0x3f8</run_address>
         <size>0x20</size>
         <input_file_ref idref="fl-3"/>
      </object_component>
      <object_component id="oc-128">
         <name>.debug_aranges</name>
         <load_address>0x418</load_address>
         <run_address>0x418</run_address>
         <size>0x30</size>
         <input_file_ref idref="fl-145"/>
      </object_component>
      <object_component id="oc-142">
         <name>.debug_aranges</name>
         <load_address>0x448</load_address>
         <run_address>0x448</run_address>
         <size>0x20</size>
         <input_file_ref idref="fl-b"/>
      </object_component>
      <object_component id="oc-147">
         <name>.debug_aranges</name>
         <load_address>0x468</load_address>
         <run_address>0x468</run_address>
         <size>0x20</size>
         <input_file_ref idref="fl-2"/>
      </object_component>
      <object_component id="oc-14d">
         <name>.debug_aranges</name>
         <load_address>0x488</load_address>
         <run_address>0x488</run_address>
         <size>0x20</size>
         <input_file_ref idref="fl-2"/>
      </object_component>
      <object_component id="oc-15a">
         <name>.debug_aranges</name>
         <load_address>0x4a8</load_address>
         <run_address>0x4a8</run_address>
         <size>0x20</size>
         <input_file_ref idref="fl-d"/>
      </object_component>
      <object_component id="oc-160">
         <name>.debug_aranges</name>
         <load_address>0x4c8</load_address>
         <run_address>0x4c8</run_address>
         <size>0x20</size>
         <input_file_ref idref="fl-f"/>
      </object_component>
      <object_component id="oc-165">
         <name>.debug_aranges</name>
         <load_address>0x4e8</load_address>
         <run_address>0x4e8</run_address>
         <size>0x20</size>
         <input_file_ref idref="fl-f"/>
      </object_component>
      <object_component id="oc-16c">
         <name>.debug_aranges</name>
         <load_address>0x508</load_address>
         <run_address>0x508</run_address>
         <size>0x20</size>
         <input_file_ref idref="fl-f"/>
      </object_component>
      <object_component id="oc-171">
         <name>.debug_aranges</name>
         <load_address>0x528</load_address>
         <run_address>0x528</run_address>
         <size>0x20</size>
         <input_file_ref idref="fl-c"/>
      </object_component>
      <object_component id="oc-177">
         <name>.debug_aranges</name>
         <load_address>0x548</load_address>
         <run_address>0x548</run_address>
         <size>0x20</size>
         <input_file_ref idref="fl-c"/>
      </object_component>
      <object_component id="oc-17c">
         <name>.debug_aranges</name>
         <load_address>0x568</load_address>
         <run_address>0x568</run_address>
         <size>0x20</size>
         <input_file_ref idref="fl-e"/>
      </object_component>
      <object_component id="oc-1a0">
         <name>.debug_aranges</name>
         <load_address>0x588</load_address>
         <run_address>0x588</run_address>
         <size>0x20</size>
         <input_file_ref idref="fl-2"/>
      </object_component>
      <object_component id="oc-1a4">
         <name>.debug_aranges</name>
         <load_address>0x5a8</load_address>
         <run_address>0x5a8</run_address>
         <size>0x28</size>
         <input_file_ref idref="fl-144"/>
      </object_component>
      <object_component id="oc-12">
         <name>.debug_line</name>
         <load_address>0x0</load_address>
         <run_address>0x0</run_address>
         <size>0x4f</size>
         <input_file_ref idref="fl-13a"/>
      </object_component>
      <object_component id="oc-16">
         <name>.debug_line</name>
         <load_address>0x4f</load_address>
         <run_address>0x4f</run_address>
         <size>0x55</size>
         <input_file_ref idref="fl-13b"/>
      </object_component>
      <object_component id="oc-1b">
         <name>.debug_line</name>
         <load_address>0xa4</load_address>
         <run_address>0xa4</run_address>
         <size>0x4c</size>
         <input_file_ref idref="fl-13d"/>
      </object_component>
      <object_component id="oc-21">
         <name>.debug_line</name>
         <load_address>0xf0</load_address>
         <run_address>0xf0</run_address>
         <size>0x4b</size>
         <input_file_ref idref="fl-13c"/>
      </object_component>
      <object_component id="oc-26">
         <name>.debug_line</name>
         <load_address>0x13b</load_address>
         <run_address>0x13b</run_address>
         <size>0x4c</size>
         <input_file_ref idref="fl-4"/>
      </object_component>
      <object_component id="oc-2b">
         <name>.debug_line</name>
         <load_address>0x187</load_address>
         <run_address>0x187</run_address>
         <size>0x49</size>
         <input_file_ref idref="fl-4"/>
      </object_component>
      <object_component id="oc-30">
         <name>.debug_line</name>
         <load_address>0x1d0</load_address>
         <run_address>0x1d0</run_address>
         <size>0x49</size>
         <input_file_ref idref="fl-4"/>
      </object_component>
      <object_component id="oc-35">
         <name>.debug_line</name>
         <load_address>0x219</load_address>
         <run_address>0x219</run_address>
         <size>0x49</size>
         <input_file_ref idref="fl-4"/>
      </object_component>
      <object_component id="oc-3a">
         <name>.debug_line</name>
         <load_address>0x262</load_address>
         <run_address>0x262</run_address>
         <size>0x5f</size>
         <input_file_ref idref="fl-3"/>
      </object_component>
      <object_component id="oc-3e">
         <name>.debug_line</name>
         <load_address>0x2c1</load_address>
         <run_address>0x2c1</run_address>
         <size>0x34</size>
         <input_file_ref idref="fl-4"/>
      </object_component>
      <object_component id="oc-41">
         <name>.debug_line</name>
         <load_address>0x2f5</load_address>
         <run_address>0x2f5</run_address>
         <size>0x87</size>
         <input_file_ref idref="fl-147"/>
      </object_component>
      <object_component id="oc-46">
         <name>.debug_line</name>
         <load_address>0x37c</load_address>
         <run_address>0x37c</run_address>
         <size>0x50</size>
         <input_file_ref idref="fl-146"/>
      </object_component>
      <object_component id="oc-4b">
         <name>.debug_line</name>
         <load_address>0x3cc</load_address>
         <run_address>0x3cc</run_address>
         <size>0x7a</size>
         <input_file_ref idref="fl-13e"/>
      </object_component>
      <object_component id="oc-53">
         <name>.debug_line</name>
         <load_address>0x446</load_address>
         <run_address>0x446</run_address>
         <size>0x88</size>
         <input_file_ref idref="fl-142"/>
      </object_component>
      <object_component id="oc-58">
         <name>.debug_line</name>
         <load_address>0x4ce</load_address>
         <run_address>0x4ce</run_address>
         <size>0x3a</size>
         <input_file_ref idref="fl-13b"/>
      </object_component>
      <object_component id="oc-5f">
         <name>.debug_line</name>
         <load_address>0x508</load_address>
         <run_address>0x508</run_address>
         <size>0x34</size>
         <input_file_ref idref="fl-13d"/>
      </object_component>
      <object_component id="oc-66">
         <name>.debug_line</name>
         <load_address>0x53c</load_address>
         <run_address>0x53c</run_address>
         <size>0x8c</size>
         <input_file_ref idref="fl-13c"/>
      </object_component>
      <object_component id="oc-6c">
         <name>.debug_line</name>
         <load_address>0x5c8</load_address>
         <run_address>0x5c8</run_address>
         <size>0x39</size>
         <input_file_ref idref="fl-13c"/>
      </object_component>
      <object_component id="oc-75">
         <name>.debug_line</name>
         <load_address>0x601</load_address>
         <run_address>0x601</run_address>
         <size>0x75</size>
         <input_file_ref idref="fl-c"/>
      </object_component>
      <object_component id="oc-85">
         <name>.debug_line</name>
         <load_address>0x676</load_address>
         <run_address>0x676</run_address>
         <size>0x34</size>
         <input_file_ref idref="fl-4"/>
      </object_component>
      <object_component id="oc-88">
         <name>.debug_line</name>
         <load_address>0x6aa</load_address>
         <run_address>0x6aa</run_address>
         <size>0x20</size>
         <input_file_ref idref="fl-2"/>
      </object_component>
      <object_component id="oc-8d">
         <name>.debug_line</name>
         <load_address>0x6ca</load_address>
         <run_address>0x6ca</run_address>
         <size>0x59</size>
         <input_file_ref idref="fl-2"/>
      </object_component>
      <object_component id="oc-92">
         <name>.debug_line</name>
         <load_address>0x723</load_address>
         <run_address>0x723</run_address>
         <size>0x6d</size>
         <input_file_ref idref="fl-148"/>
      </object_component>
      <object_component id="oc-98">
         <name>.debug_line</name>
         <load_address>0x790</load_address>
         <run_address>0x790</run_address>
         <size>0x185</size>
         <input_file_ref idref="fl-3"/>
      </object_component>
      <object_component id="oc-a4">
         <name>.debug_line</name>
         <load_address>0x915</load_address>
         <run_address>0x915</run_address>
         <size>0x33</size>
         <input_file_ref idref="fl-143"/>
      </object_component>
      <object_component id="oc-a8">
         <name>.debug_line</name>
         <load_address>0x948</load_address>
         <run_address>0x948</run_address>
         <size>0x44</size>
         <input_file_ref idref="fl-13b"/>
      </object_component>
      <object_component id="oc-ac">
         <name>.debug_line</name>
         <load_address>0x98c</load_address>
         <run_address>0x98c</run_address>
         <size>0x20</size>
         <input_file_ref idref="fl-13b"/>
      </object_component>
      <object_component id="oc-af">
         <name>.debug_line</name>
         <load_address>0x9ac</load_address>
         <run_address>0x9ac</run_address>
         <size>0x44</size>
         <input_file_ref idref="fl-13d"/>
      </object_component>
      <object_component id="oc-b3">
         <name>.debug_line</name>
         <load_address>0x9f0</load_address>
         <run_address>0x9f0</run_address>
         <size>0x20</size>
         <input_file_ref idref="fl-13d"/>
      </object_component>
      <object_component id="oc-b6">
         <name>.debug_line</name>
         <load_address>0xa10</load_address>
         <run_address>0xa10</run_address>
         <size>0x20</size>
         <input_file_ref idref="fl-13c"/>
      </object_component>
      <object_component id="oc-ba">
         <name>.debug_line</name>
         <load_address>0xa30</load_address>
         <run_address>0xa30</run_address>
         <size>0x5e</size>
         <input_file_ref idref="fl-b"/>
      </object_component>
      <object_component id="oc-bf">
         <name>.debug_line</name>
         <load_address>0xa8e</load_address>
         <run_address>0xa8e</run_address>
         <size>0x224</size>
         <input_file_ref idref="fl-3"/>
      </object_component>
      <object_component id="oc-c1">
         <name>.debug_line</name>
         <load_address>0xcb2</load_address>
         <run_address>0xcb2</run_address>
         <size>0x35</size>
         <input_file_ref idref="fl-3"/>
      </object_component>
      <object_component id="oc-c3">
         <name>.debug_line</name>
         <load_address>0xce7</load_address>
         <run_address>0xce7</run_address>
         <size>0x35</size>
         <input_file_ref idref="fl-3"/>
      </object_component>
      <object_component id="oc-c5">
         <name>.debug_line</name>
         <load_address>0xd1c</load_address>
         <run_address>0xd1c</run_address>
         <size>0x35</size>
         <input_file_ref idref="fl-3"/>
      </object_component>
      <object_component id="oc-ca">
         <name>.debug_line</name>
         <load_address>0xd51</load_address>
         <run_address>0xd51</run_address>
         <size>0x52</size>
         <input_file_ref idref="fl-3"/>
      </object_component>
      <object_component id="oc-cf">
         <name>.debug_line</name>
         <load_address>0xda3</load_address>
         <run_address>0xda3</run_address>
         <size>0x8c</size>
         <input_file_ref idref="fl-2"/>
      </object_component>
      <object_component id="oc-d4">
         <name>.debug_line</name>
         <load_address>0xe2f</load_address>
         <run_address>0xe2f</run_address>
         <size>0x52</size>
         <input_file_ref idref="fl-3"/>
      </object_component>
      <object_component id="oc-d9">
         <name>.debug_line</name>
         <load_address>0xe81</load_address>
         <run_address>0xe81</run_address>
         <size>0x52</size>
         <input_file_ref idref="fl-3"/>
      </object_component>
      <object_component id="oc-de">
         <name>.debug_line</name>
         <load_address>0xed3</load_address>
         <run_address>0xed3</run_address>
         <size>0x52</size>
         <input_file_ref idref="fl-3"/>
      </object_component>
      <object_component id="oc-e3">
         <name>.debug_line</name>
         <load_address>0xf25</load_address>
         <run_address>0xf25</run_address>
         <size>0x64</size>
         <input_file_ref idref="fl-3"/>
      </object_component>
      <object_component id="oc-e8">
         <name>.debug_line</name>
         <load_address>0xf89</load_address>
         <run_address>0xf89</run_address>
         <size>0x58</size>
         <input_file_ref idref="fl-3"/>
      </object_component>
      <object_component id="oc-ed">
         <name>.debug_line</name>
         <load_address>0xfe1</load_address>
         <run_address>0xfe1</run_address>
         <size>0x58</size>
         <input_file_ref idref="fl-3"/>
      </object_component>
      <object_component id="oc-f2">
         <name>.debug_line</name>
         <load_address>0x1039</load_address>
         <run_address>0x1039</run_address>
         <size>0x52</size>
         <input_file_ref idref="fl-5"/>
      </object_component>
      <object_component id="oc-f7">
         <name>.debug_line</name>
         <load_address>0x108b</load_address>
         <run_address>0x108b</run_address>
         <size>0x50</size>
         <input_file_ref idref="fl-141"/>
      </object_component>
      <object_component id="oc-fa">
         <name>.debug_line</name>
         <load_address>0x10db</load_address>
         <run_address>0x10db</run_address>
         <size>0xd2</size>
         <input_file_ref idref="fl-13f"/>
      </object_component>
      <object_component id="oc-ff">
         <name>.debug_line</name>
         <load_address>0x11ad</load_address>
         <run_address>0x11ad</run_address>
         <size>0x59</size>
         <input_file_ref idref="fl-140"/>
      </object_component>
      <object_component id="oc-103">
         <name>.debug_line</name>
         <load_address>0x1206</load_address>
         <run_address>0x1206</run_address>
         <size>0x75</size>
         <input_file_ref idref="fl-3"/>
      </object_component>
      <object_component id="oc-108">
         <name>.debug_line</name>
         <load_address>0x127b</load_address>
         <run_address>0x127b</run_address>
         <size>0x66</size>
         <input_file_ref idref="fl-3"/>
      </object_component>
      <object_component id="oc-10d">
         <name>.debug_line</name>
         <load_address>0x12e1</load_address>
         <run_address>0x12e1</run_address>
         <size>0x5d</size>
         <input_file_ref idref="fl-3"/>
      </object_component>
      <object_component id="oc-11e">
         <name>.debug_line</name>
         <load_address>0x133e</load_address>
         <run_address>0x133e</run_address>
         <size>0x2b</size>
         <input_file_ref idref="fl-146"/>
      </object_component>
      <object_component id="oc-121">
         <name>.debug_line</name>
         <load_address>0x1369</load_address>
         <run_address>0x1369</run_address>
         <size>0x2b</size>
         <input_file_ref idref="fl-146"/>
      </object_component>
      <object_component id="oc-126">
         <name>.debug_line</name>
         <load_address>0x1394</load_address>
         <run_address>0x1394</run_address>
         <size>0x66</size>
         <input_file_ref idref="fl-145"/>
      </object_component>
      <object_component id="oc-12a">
         <name>.debug_line</name>
         <load_address>0x13fa</load_address>
         <run_address>0x13fa</run_address>
         <size>0x2b</size>
         <input_file_ref idref="fl-145"/>
      </object_component>
      <object_component id="oc-12d">
         <name>.debug_line</name>
         <load_address>0x1425</load_address>
         <run_address>0x1425</run_address>
         <size>0x2a</size>
         <input_file_ref idref="fl-13e"/>
      </object_component>
      <object_component id="oc-12f">
         <name>.debug_line</name>
         <load_address>0x144f</load_address>
         <run_address>0x144f</run_address>
         <size>0x43</size>
         <input_file_ref idref="fl-13e"/>
      </object_component>
      <object_component id="oc-132">
         <name>.debug_line</name>
         <load_address>0x1492</load_address>
         <run_address>0x1492</run_address>
         <size>0x20</size>
         <input_file_ref idref="fl-b"/>
      </object_component>
      <object_component id="oc-136">
         <name>.debug_line</name>
         <load_address>0x14b2</load_address>
         <run_address>0x14b2</run_address>
         <size>0x5b</size>
         <input_file_ref idref="fl-c"/>
      </object_component>
      <object_component id="oc-138">
         <name>.debug_line</name>
         <load_address>0x150d</load_address>
         <run_address>0x150d</run_address>
         <size>0x51</size>
         <input_file_ref idref="fl-148"/>
      </object_component>
      <object_component id="oc-13b">
         <name>.debug_line</name>
         <load_address>0x155e</load_address>
         <run_address>0x155e</run_address>
         <size>0x45</size>
         <input_file_ref idref="fl-148"/>
      </object_component>
      <object_component id="oc-140">
         <name>.debug_line</name>
         <load_address>0x15a3</load_address>
         <run_address>0x15a3</run_address>
         <size>0x6b</size>
         <input_file_ref idref="fl-b"/>
      </object_component>
      <object_component id="oc-145">
         <name>.debug_line</name>
         <load_address>0x160e</load_address>
         <run_address>0x160e</run_address>
         <size>0x9b</size>
         <input_file_ref idref="fl-2"/>
      </object_component>
      <object_component id="oc-14b">
         <name>.debug_line</name>
         <load_address>0x16a9</load_address>
         <run_address>0x16a9</run_address>
         <size>0x153</size>
         <input_file_ref idref="fl-2"/>
      </object_component>
      <object_component id="oc-152">
         <name>.debug_line</name>
         <load_address>0x17fc</load_address>
         <run_address>0x17fc</run_address>
         <size>0x59</size>
         <input_file_ref idref="fl-2"/>
      </object_component>
      <object_component id="oc-158">
         <name>.debug_line</name>
         <load_address>0x1855</load_address>
         <run_address>0x1855</run_address>
         <size>0xb2</size>
         <input_file_ref idref="fl-d"/>
      </object_component>
      <object_component id="oc-15e">
         <name>.debug_line</name>
         <load_address>0x1907</load_address>
         <run_address>0x1907</run_address>
         <size>0x6e</size>
         <input_file_ref idref="fl-f"/>
      </object_component>
      <object_component id="oc-163">
         <name>.debug_line</name>
         <load_address>0x1975</load_address>
         <run_address>0x1975</run_address>
         <size>0x85</size>
         <input_file_ref idref="fl-f"/>
      </object_component>
      <object_component id="oc-16a">
         <name>.debug_line</name>
         <load_address>0x19fa</load_address>
         <run_address>0x19fa</run_address>
         <size>0x6c</size>
         <input_file_ref idref="fl-f"/>
      </object_component>
      <object_component id="oc-16f">
         <name>.debug_line</name>
         <load_address>0x1a66</load_address>
         <run_address>0x1a66</run_address>
         <size>0x75</size>
         <input_file_ref idref="fl-c"/>
      </object_component>
      <object_component id="oc-175">
         <name>.debug_line</name>
         <load_address>0x1adb</load_address>
         <run_address>0x1adb</run_address>
         <size>0x6d</size>
         <input_file_ref idref="fl-c"/>
      </object_component>
      <object_component id="oc-17b">
         <name>.debug_line</name>
         <load_address>0x1b48</load_address>
         <run_address>0x1b48</run_address>
         <size>0x99</size>
         <input_file_ref idref="fl-e"/>
      </object_component>
      <object_component id="oc-18b">
         <name>.debug_line</name>
         <load_address>0x1be1</load_address>
         <run_address>0x1be1</run_address>
         <size>0x35</size>
         <input_file_ref idref="fl-3"/>
      </object_component>
      <object_component id="oc-18d">
         <name>.debug_line</name>
         <load_address>0x1c16</load_address>
         <run_address>0x1c16</run_address>
         <size>0x35</size>
         <input_file_ref idref="fl-3"/>
      </object_component>
      <object_component id="oc-18f">
         <name>.debug_line</name>
         <load_address>0x1c4b</load_address>
         <run_address>0x1c4b</run_address>
         <size>0x30</size>
         <input_file_ref idref="fl-6"/>
      </object_component>
      <object_component id="oc-193">
         <name>.debug_line</name>
         <load_address>0x1c7b</load_address>
         <run_address>0x1c7b</run_address>
         <size>0x20</size>
         <input_file_ref idref="fl-145"/>
      </object_component>
      <object_component id="oc-19e">
         <name>.debug_line</name>
         <load_address>0x1c9b</load_address>
         <run_address>0x1c9b</run_address>
         <size>0xac</size>
         <input_file_ref idref="fl-2"/>
      </object_component>
      <object_component id="oc-1a2">
         <name>.debug_line</name>
         <load_address>0x1d47</load_address>
         <run_address>0x1d47</run_address>
         <size>0x69</size>
         <input_file_ref idref="fl-144"/>
      </object_component>
      <object_component id="oc-1a7">
         <name>.debug_line</name>
         <load_address>0x1db0</load_address>
         <run_address>0x1db0</run_address>
         <size>0x20</size>
         <input_file_ref idref="fl-2"/>
      </object_component>
      <object_component id="oc-1b6">
         <name>.debug_line</name>
         <load_address>0x1dd0</load_address>
         <run_address>0x1dd0</run_address>
         <size>0x34</size>
         <input_file_ref idref="fl-5"/>
      </object_component>
      <object_component id="oc-1b9">
         <name>.debug_line</name>
         <load_address>0x1e04</load_address>
         <run_address>0x1e04</run_address>
         <size>0x34</size>
         <input_file_ref idref="fl-5"/>
      </object_component>
      <object_component id="oc-1bb">
         <name>.debug_line</name>
         <load_address>0x1e38</load_address>
         <run_address>0x1e38</run_address>
         <size>0x20</size>
         <input_file_ref idref="fl-6"/>
      </object_component>
      <object_component id="oc-1bd">
         <name>.debug_line</name>
         <load_address>0x1e58</load_address>
         <run_address>0x1e58</run_address>
         <size>0x5b</size>
         <input_file_ref idref="fl-b"/>
      </object_component>
      <object_component id="oc-1c0">
         <name>.debug_line</name>
         <load_address>0x1eb3</load_address>
[...]
            <object_component_ref idref="oc-183"/>
            <object_component_ref idref="oc-184"/>
            <object_component_ref idref="oc-185"/>
            <object_component_ref idref="oc-187"/>
            <object_component_ref idref="oc-188"/>
            <object_component_ref idref="oc-189"/>
            <object_component_ref idref="oc-18a"/>
            <object_component_ref idref="oc-18c"/>
            <object_component_ref idref="oc-18e"/>
            <object_component_ref idref="oc-191"/>
            <object_component_ref idref="oc-192"/>
            <object_component_ref idref="oc-194"/>
            <object_component_ref idref="oc-19b"/>
            <object_component_ref idref="oc-1a5"/>
            <object_component_ref idref="oc-1a6"/>
            <object_component_ref idref="oc-1aa"/>
            <object_component_ref idref="oc-1ab"/>
            <object_component_ref idref="oc-1ad"/>
            <object_component_ref idref="oc-1ae"/>
            <object_component_ref idref="oc-1af"/>
            <object_component_ref idref="oc-1b0"/>
            <object_component_ref idref="oc-1b3"/>
            <object_component_ref idref="oc-1b5"/>
            <object_component_ref idref="oc-1b8"/>
            <object_component_ref idref="oc-1ba"/>
            <object_component_ref idref="oc-1bc"/>
            <object_component_ref idref="oc-1bf"/>
            <object_component_ref idref="oc-1c1"/>
            <object_component_ref idref="oc-1c3"/>
            <object_component_ref idref="oc-1c5"/>
            <object_component_ref idref="oc-1c6"/>
            <object_component_ref idref="oc-1c7"/>
            <object_component_ref idref="oc-1ca"/>
            <object_component_ref idref="oc-1cc"/>
            <object_component_ref idref="oc-1ce"/>
            <object_component_ref idref="oc-1d0"/>
            <object_component_ref idref="oc-1d2"/>
            <object_component_ref idref="oc-1f4"/>
         </contents>
      </logical_group>
      <logical_group id="lg-1ea" display="never" color="cyan">
         <name>.debug_str</name>
         <load_address>0x0</load_address>
         <run_address>0x0</run_address>
         <size>0xbf5</size>
         <contents>
            <object_component_ref idref="oc-59"/>
            <object_component_ref idref="oc-60"/>
            <object_component_ref idref="oc-6d"/>
            <object_component_ref idref="oc-89"/>
            <object_component_ref idref="oc-8e"/>
            <object_component_ref idref="oc-a9"/>
            <object_component_ref idref="oc-b0"/>
            <object_component_ref idref="oc-bb"/>
            <object_component_ref idref="oc-122"/>
            <object_component_ref idref="oc-133"/>
            <object_component_ref idref="oc-13c"/>
            <object_component_ref idref="oc-153"/>
         </contents>
      </logical_group>
      <logical_group id="lg-1ec" display="never" color="cyan">
         <name>.debug_pubtypes</name>
         <load_address>0x0</load_address>
         <run_address>0x0</run_address>
         <size>0x710</size>
         <contents>
            <object_component_ref idref="oc-5a"/>
            <object_component_ref idref="oc-61"/>
            <object_component_ref idref="oc-6e"/>
            <object_component_ref idref="oc-8a"/>
            <object_component_ref idref="oc-8f"/>
            <object_component_ref idref="oc-aa"/>
            <object_component_ref idref="oc-b1"/>
            <object_component_ref idref="oc-bc"/>
            <object_component_ref idref="oc-123"/>
            <object_component_ref idref="oc-134"/>
            <object_component_ref idref="oc-13d"/>
            <object_component_ref idref="oc-154"/>
         </contents>
      </logical_group>
      <load_segment id="lg-1f7" display="no" color="cyan">
         <name>SEGMENT_0</name>
         <load_address>0x0</load_address>
         <run_address>0x0</run_address>
         <size>0x2068</size>
         <flags>0x5</flags>
         <contents>
            <logical_group_ref idref="lg-3"/>
            <logical_group_ref idref="lg-4"/>
            <logical_group_ref idref="lg-5"/>
            <logical_group_ref idref="lg-6"/>
         </contents>
      </load_segment>
      <load_segment id="lg-1f8" display="no" color="cyan">
         <name>SEGMENT_1</name>
         <run_address>0x20000000</run_address>
         <size>0x770</size>
         <flags>0x6</flags>
         <contents>
            <logical_group_ref idref="lg-a"/>
            <logical_group_ref idref="lg-b"/>
            <logical_group_ref idref="lg-d"/>
         </contents>
      </load_segment>
   </logical_group_list>
   <placement_map>
      <memory_area display="yes" color="green">
         <name>FLASH</name>
         <page_id>0x0</page_id>
         <origin>0x0</origin>
         <length>0x40000</length>
         <used_space>0x2062</used_space>
         <unused_space>0x3df9e</unused_space>
         <attributes>RX</attributes>
         <usage_details>
            <allocated_space>
               <start_address>0x0</start_address>
               <size>0x26c</size>
               <logical_group_ref idref="lg-3"/>
            </allocated_space>
            <allocated_space>
               <start_address>0x26c</start_address>
               <size>0x18ac</size>
               <logical_group_ref idref="lg-4"/>
            </allocated_space>
            <allocated_space>
               <start_address>0x1b18</start_address>
               <size>0x10a</size>
               <logical_group_ref idref="lg-5"/>
            </allocated_space>
            <available_space>
               <start_address>0x1c22</start_address>
               <size>0x6</size>
            </available_space>
            <allocated_space>
               <start_address>0x1c28</start_address>
               <size>0x440</size>
               <logical_group_ref idref="lg-6"/>
            </allocated_space>
            <available_space>
               <start_address>0x2068</start_address>
               <size>0x3df98</size>
            </available_space>
         </usage_details>
      </memory_area>
      <memory_area display="yes" color="green">
         <name>SRAM</name>
         <page_id>0x0</page_id>
         <origin>0x20000000</origin>
         <length>0x8000</length>
         <used_space>0x76e</used_space>
         <unused_space>0x7892</unused_space>
         <attributes>RWX</attributes>
         <usage_details>
            <allocated_space>
               <start_address>0x20000000</start_address>
               <size>0x464</size>
               <logical_group_ref idref="lg-a"/>
            </allocated_space>
            <allocated_space>
               <start_address>0x20000464</start_address>
               <size>0x20a</size>
               <logical_group_ref idref="lg-b"/>
            </allocated_space>
            <available_space>
               <start_address>0x2000066e</start_address>
               <size>0x2</size>
            </available_space>
            <allocated_space>
               <start_address>0x20000670</start_address>
               <size>0x100</size>
               <logical_group_ref idref="lg-d"/>
            </allocated_space>
            <available_space>
               <start_address>0x20000770</start_address>
               <size>0x7890</size>
            </available_space>
         </usage_details>
      </memory_area>
   </placement_map>
   <cptbl_list>
      <cptbl>
         <name>__TI_cinit_table</name>
         <cprec>
            <name>.data</name>
            <load_address>0x1c28</load_address>
            <load_size>0x419</load_size>
            <run_address>0x20000000</run_address>
            <run_size>0x464</run_size>
            <compression>rle</compression>
         </cprec>
         <cprec>
            <name>.bss</name>
            <load_address>0x2050</load_address>
            <load_size>0x8</load_size>
            <run_address>0x20000464</run_address>
            <run_size>0x20a</run_size>
            <compression>zero_init</compression>
         </cprec>
      </cptbl>
   </cptbl_list>
   <handler_table>
      <handler_table_name>__TI_handler_table</handler_table_name>
      <handler>
         <index>0x0</index>
         <name>__TI_decompress_rle24</name>
      </handler>
      <handler>
         <index>0x1</index>
         <name>__TI_decompress_none</name>
      </handler>
      <handler>
         <index>0x2</index>
         <name>__TI_zero_init</name>
      </handler>
   </handler_table>
   <symbol_table>
      <symbol id="sm-1">
         <name>__STACK_TOP</name>
         <value>0x20000770</value>
      </symbol>
      <symbol id="sm-2">
         <name>__TI_CINIT_Base</name>
         <value>0x2058</value>
      </symbol>
      <symbol id="sm-3">
         <name>__TI_CINIT_Limit</name>
         <value>0x2068</value>
      </symbol>
      <symbol id="sm-4">
         <name>__TI_Handler_Table_Base</name>
         <value>0x2044</value>
      </symbol>
      <symbol id="sm-5">
         <name>__TI_Handler_Table_Limit</name>
         <value>0x2050</value>
      </symbol>
      <symbol id="sm-6">
         <name>binit</name>
         <value>0xffffffff</value>
      </symbol>
      <symbol id="sm-7">
         <name>__binit__</name>
         <value>0xffffffff</value>
      </symbol>
      <symbol id="sm-8">
         <name>__STACK_SIZE</name>
         <value>0x100</value>
      </symbol>
      <symbol id="sm-9">
         <name>__STACK_END</name>
         <value>0x20000770</value>
      </symbol>
      <symbol id="sm-a">
         <name>__c_args__</name>
         <value>0xffffffff</value>
      </symbol>
      <symbol id="sm-9b">
         <name>UARTStdioConfig</name>
         <value>0x15e5</value>
         <object_component_ref idref="oc-143"/>
      </symbol>
      <symbol id="sm-9c">
         <name>UARTwrite</name>
         <value>0x17ed</value>
         <object_component_ref idref="oc-19c"/>
      </symbol>
      <symbol id="sm-9d">
         <name>UARTprintf</name>
         <value>0x1a47</value>
         <object_component_ref idref="oc-cd"/>
      </symbol>
      <symbol id="sm-9e">
         <name>UARTvprintf</name>
         <value>0x759</value>
         <object_component_ref idref="oc-149"/>
      </symbol>
      <symbol id="sm-1ad">
         <name>g_NewGSCycle</name>
         <value>0x20000664</value>
      </symbol>
      <symbol id="sm-1ae">
         <name>g_count16kHz</name>
         <value>0x2000066c</value>
      </symbol>
      <symbol id="sm-1af">
         <name>g_ledRow</name>
         <value>0x20000668</value>
      </symbol>
      <symbol id="sm-1b0">
         <name>g_kbRow</name>
         <value>0x2000066d</value>
      </symbol>
      <symbol id="sm-1b1">
         <name>ConfigureRowDriver</name>
         <value>0x1659</value>
         <object_component_ref idref="oc-d2"/>
      </symbol>
      <symbol id="sm-1b2">
         <name>ConfigurePWMDAC</name>
         <value>0xf71</value>
         <object_component_ref idref="oc-eb"/>
      </symbol>
      <symbol id="sm-1b3">
         <name>ConfigureGSCLK</name>
         <value>0x10e9</value>
         <object_component_ref idref="oc-e6"/>
      </symbol>
      <symbol id="sm-1b4">
         <name>ConfigureKeybdScan</name>
         <value>0x1849</value>
         <object_component_ref idref="oc-dc"/>
      </symbol>
      <symbol id="sm-1b5">
         <name>main</name>
         <value>0x26d</value>
         <object_component_ref idref="oc-96"/>
      </symbol>
      <symbol id="sm-1b6">
         <name>RenderDomino</name>
         <value>0x1301</value>
         <object_component_ref idref="oc-10b"/>
      </symbol>
      <symbol id="sm-1b7">
         <name>ConfigureUART</name>
         <value>0x16c9</value>
         <object_component_ref idref="oc-c8"/>
      </symbol>
      <symbol id="sm-1b8">
         <name>WriteDotCorrection</name>
         <value>0xc1d</value>
         <object_component_ref idref="oc-e1"/>
      </symbol>
      <symbol id="sm-1b9">
         <name>g_pwmDacValues</name>
         <value>0x20000564</value>
         <object_component_ref idref="oc-7b"/>
      </symbol>
      <symbol id="sm-1ba">
         <name>KeybdRead</name>
         <value>0xead</value>
         <object_component_ref idref="oc-101"/>
      </symbol>
      <symbol id="sm-1bb">
         <name>ConfigureSSI</name>
         <value>0x1565</value>
         <object_component_ref idref="oc-d7"/>
      </symbol>
      <symbol id="sm-1bc">
         <name>PWMIntHandler</name>
         <value>0xd95</value>
         <object_component_ref idref="oc-38"/>
      </symbol>
      <symbol id="sm-1bd">
         <name>g_gsValues</name>
         <value>0x20000464</value>
         <object_component_ref idref="oc-81"/>
      </symbol>
      <symbol id="sm-1be">
         <name>RenderCharacter</name>
         <value>0x1251</value>
         <object_component_ref idref="oc-106"/>
      </symbol>
      <symbol id="sm-1ea">
         <name>ResetISR</name>
         <value>0x1b01</value>
         <object_component_ref idref="oc-24"/>
      </symbol>
      <symbol id="sm-1eb">
         <name>g_pfnVectors</name>
         <value>0x0</value>
         <object_component_ref idref="oc-e"/>
      </symbol>
      <symbol id="sm-206">
         <name>SineApprox</name>
         <value>0x14d9</value>
         <object_component_ref idref="oc-f0"/>
      </symbol>
      <symbol id="sm-210">
         <name>font8x8_basic</name>
         <value>0x20000000</value>
         <object_component_ref idref="oc-119"/>
      </symbol>
      <symbol id="sm-226">
         <name>UARTClockSourceSet</name>
         <value>0x1b0d</value>
         <object_component_ref idref="oc-13e"/>
      </symbol>
      <symbol id="sm-240">
         <name>TimerMatchSet</name>
         <value>0x1abd</value>
         <object_component_ref idref="oc-73"/>
      </symbol>
      <symbol id="sm-241">
         <name>TimerPrescaleMatchSet</name>
         <value>0x1acf</value>
         <object_component_ref idref="oc-16d"/>
      </symbol>
      <symbol id="sm-242">
         <name>TimerControlEvent</name>
         <value>0x1aab</value>
         <object_component_ref idref="oc-173"/>
      </symbol>
      <symbol id="sm-263">
         <name>SysCtlDelay</name>
         <value>0x1b07</value>
         <object_component_ref idref="oc-78"/>
      </symbol>
      <symbol id="sm-264">
         <name>SysCtlClockGet</name>
         <value>0x119d</value>
         <object_component_ref idref="oc-156"/>
      </symbol>
      <symbol id="sm-288">
         <name>IntEnable</name>
         <value>0x172d</value>
         <object_component_ref idref="oc-178"/>
      </symbol>
      <symbol id="sm-2a2">
         <name>GPIOPinTypeGPIOInput</name>
         <value>0x1a99</value>
         <object_component_ref idref="oc-168"/>
      </symbol>
      <symbol id="sm-2a3">
         <name>GPIODirModeSet</name>
         <value>0x1a1d</value>
         <object_component_ref idref="oc-15c"/>
      </symbol>
      <symbol id="sm-2a4">
         <name>GPIOPadConfigSet</name>
         <value>0x1031</value>
         <object_component_ref idref="oc-161"/>
      </symbol>
      <symbol id="sm-2b4">
         <name>_c_int00</name>
         <value>0x1899</value>
         <object_component_ref idref="oc-10"/>
      </symbol>
      <symbol id="sm-2b5">
         <name>__stack</name>
         <value>0x20000670</value>
         <object_component_ref idref="oc-23"/>
      </symbol>
      <symbol id="sm-2cb">
         <name>__TI_decompress_none</name>
         <value>0x1af3</value>
         <object_component_ref idref="oc-14"/>
      </symbol>
      <symbol id="sm-2ed">
         <name>__TI_decompress_rle24</name>
         <value>0x1b13</value>
         <object_component_ref idref="oc-1e"/>
      </symbol>
      <symbol id="sm-305">
         <name>__TI_zero_init</name>
         <value>0x1ae1</value>
         <object_component_ref idref="oc-19"/>
      </symbol>
      <symbol id="sm-321">
         <name>C$$EXIT</name>
         <value>0x1925</value>
         <object_component_ref idref="oc-49"/>
      </symbol>
      <symbol id="sm-322">
         <name>abort</name>
         <value>0x1929</value>
         <object_component_ref idref="oc-49"/>
      </symbol>
      <symbol id="sm-323">
         <name>exit</name>
         <value>0x1931</value>
         <object_component_ref idref="oc-49"/>
      </symbol>
      <symbol id="sm-324">
         <name>__TI_dtors_ptr</name>
         <value>0x20000454</value>
         <object_component_ref idref="oc-9f"/>
      </symbol>
      <symbol id="sm-325">
         <name>__TI_cleanup_ptr</name>
         <value>0x20000450</value>
         <object_component_ref idref="oc-9f"/>
      </symbol>
      <symbol id="sm-33b">
         <name>__aeabi_dsub</name>
         <value>0xa65</value>
         <object_component_ref idref="oc-f9"/>
      </symbol>
      <symbol id="sm-33c">
         <name>__aeabi_dadd</name>
         <value>0xa6f</value>
         <object_component_ref idref="oc-f9"/>
      </symbol>
      <symbol id="sm-345">
         <name>__aeabi_d2uiz</name>
         <value>0x1969</value>
         <object_component_ref idref="oc-fd"/>
      </symbol>
      <symbol id="sm-34e">
         <name>__aeabi_i2d</name>
         <value>0x19ef</value>
         <object_component_ref idref="oc-f5"/>
      </symbol>
      <symbol id="sm-368">
         <name>memcpy</name>
         <value>0x13a9</value>
         <object_component_ref idref="oc-51"/>
      </symbol>
      <symbol id="sm-369">
         <name>__aeabi_memcpy</name>
         <value>0x13a9</value>
         <object_component_ref idref="oc-51"/>
      </symbol>
      <symbol id="sm-36a">
         <name>__aeabi_memcpy8</name>
         <value>0x13a9</value>
         <object_component_ref idref="oc-51"/>
      </symbol>
      <symbol id="sm-36b">
         <name>__aeabi_memcpy4</name>
         <value>0x13a9</value>
         <object_component_ref idref="oc-51"/>
      </symbol>
      <symbol id="sm-372">
         <name>main_func_sp</name>
         <value>0x20000460</value>
         <object_component_ref idref="oc-4e"/>
      </symbol>
      <symbol id="sm-381">
         <name>__aeabi_uidivmod</name>
         <value>0x19ad</value>
         <object_component_ref idref="oc-1a1"/>
      </symbol>
      <symbol id="sm-397">
         <name>_nop</name>
         <value>0x1a93</value>
         <object_component_ref idref="oc-124"/>
      </symbol>
      <symbol id="sm-398">
         <name>_lock</name>
         <value>0x20000448</value>
         <object_component_ref idref="oc-9d"/>
      </symbol>
      <symbol id="sm-399">
         <name>_unlock</name>
         <value>0x2000044c</value>
         <object_component_ref idref="oc-9d"/>
      </symbol>
      <symbol id="sm-39a">
         <name>_register_lock</name>
         <value>0x1a8b</value>
         <object_component_ref idref="oc-124"/>
      </symbol>
      <symbol id="sm-39b">
         <name>_register_unlock</name>
         <value>0x1a85</value>
         <object_component_ref idref="oc-124"/>
      </symbol>
      <symbol id="sm-3ae">
         <name>_args_main</name>
         <value>0x1a6d</value>
         <object_component_ref idref="oc-44"/>
      </symbol>
      <symbol id="sm-3ca">
         <name>__TI_auto_init</name>
         <value>0x1445</value>
         <object_component_ref idref="oc-40"/>
      </symbol>
      <symbol id="sm-3e2">
         <name>copy_in</name>
         <value>0x18e1</value>
         <object_component_ref idref="oc-90"/>
      </symbol>
      <symbol id="sm-3e3">
         <name>__TI_static_base__</name>
         <value>0x0</value>
      </symbol>
      <symbol id="sm-3e4">
         <name>__TI_args_main</name>
         <value>0x1</value>
      </symbol>
      <symbol id="sm-3e5">
         <name>SHT$$INIT_ARRAY$$Limit</name>
         <value>0x0</value>
      </symbol>
      <symbol id="sm-3e6">
         <name>SHT$$INIT_ARRAY$$Base</name>
         <value>0x0</value>
      </symbol>
   </symbol_table>
   <title>Link successful</title>
</link_info>
