******************************************************************************
                  TI ARM Linker PC v5.1.1                      
******************************************************************************
>> Linked Sun Apr 06 13:19:00 2014

OUTPUT FILE NAME:   <test_tlc5941.out>
ENTRY POINT SYMBOL: "_c_int00"  address: 00001899


MEMORY CONFIGURATION

         name            origin    length      used     unused   attr    fill
----------------------  --------  ---------  --------  --------  ----  --------
  FLASH                 00000000   00040000  00002062  0003df9e  R  X
  SRAM                  20000000   00008000  0000076e  00007892  RW X


SEGMENT ALLOCATION MAP

run origin  load origin   length   init length attrs members
----------  ----------- ---------- ----------- ----- -------
00000000    00000000    00002068   00002068    r-x
  00000000    00000000    0000026c   0000026c    r-- .intvecs
  0000026c    0000026c    000018ac   000018ac    r-x .text
  00001b18    00001b18    0000010a   0000010a    r-- .const
  00001c28    00001c28    00000440   00000440    r-- .cinit
20000000    20000000    00000770   00000000    rw-
  20000000    20000000    00000464   00000000    rw- .data
  20000464    20000464    0000020a   00000000    rw- .bss
  20000670    20000670    00000100   00000000    rw- .stack


SECTION ALLOCATION MAP

 output                                  attributes/
section   page    origin      length       input sections
--------  ----  ----------  ----------   ----------------
.intvecs   0    00000000    0000026c     
                  00000000    0000026c     startup_ccs.obj (.intvecs)

.init_array 
*          0    00000000    00000000     UNINITIALIZED

.text      0    0000026c    000018ac     
                  0000026c    000004ec     test_tlc5941.obj (.text:main)
                  00000758    0000030c     uartstdio.obj (.text:UARTvprintf)
                  00000a64    000001b6     rtsv7M4_T_le_v4SPD16_eabi.lib : fd_add_t2.obj (.text)
                  00000c1a    00000002     startup_ccs.obj (.text:FaultISR)
                  00000c1c    00000178     test_tlc5941.obj (.text:WriteDotCorrection)
                  00000d94    00000118     test_tlc5941.obj (.text:PWMIntHandler)
                  00000eac    000000c4     test_tlc5941.obj (.text:KeybdRead)
                  00000f70    000000c0     test_tlc5941.obj (.text:ConfigurePWMDAC)
                  00001030    000000b8     driverlib.lib : gpio.obj (.text:GPIOPadConfigSet)
                  000010e8    000000b4     test_tlc5941.obj (.text:ConfigureGSCLK)
                  0000119c    000000b4     driverlib.lib : sysctl.obj (.text:SysCtlClockGet)
                  00001250    000000ae     test_tlc5941.obj (.text:RenderCharacter)
                  000012fe    00000002     startup_ccs.obj (.text:IntDefaultHandler)
                  00001300    000000a8     test_tlc5941.obj (.text:RenderDomino)
                  000013a8    0000009c     rtsv7M4_T_le_v4SPD16_eabi.lib : memcpy_t2.obj (.text)
                  00001444    00000094                                   : auto_init.obj (.text)
                  000014d8    0000008c     sine_approx.obj (.text:SineApprox)
                  00001564    00000080     test_tlc5941.obj (.text:ConfigureSSI)
                  000015e4    00000074     uartstdio.obj (.text:UARTStdioConfig)
                  00001658    00000070     test_tlc5941.obj (.text:ConfigureRowDriver)
                  000016c8    00000064     test_tlc5941.obj (.text:ConfigureUART)
                  0000172c    00000060     driverlib.lib : interrupt.obj (.text:IntEnable)
                  0000178c    0000005e     rtsv7M4_T_le_v4SPD16_eabi.lib : copy_decompress_rle.obj (.text)
                  000017ea    00000002     startup_ccs.obj (.text:NmiSR)
                  000017ec    0000005c     uartstdio.obj (.text:UARTwrite)
                  00001848    00000050     test_tlc5941.obj (.text:ConfigureKeybdScan)
                  00001898    00000048     rtsv7M4_T_le_v4SPD16_eabi.lib : boot.obj (.text)
                  000018e0    00000044                                   : cpy_tbl.obj (.text)
                  00001924    00000044                                   : exit.obj (.text)
                  00001968    00000044                                   : fd_tou_t2.obj (.text)
                  000019ac    00000042                                   : u_divt2.obj (.text)
                  000019ee    0000002e                                   : i_tofd_t2.obj (.text)
                  00001a1c    0000002a     driverlib.lib : gpio.obj (.text:GPIODirModeSet)
                  00001a46    00000024     uartstdio.obj (.text:UARTprintf)
                  00001a6a    00000002     --HOLE-- [fill = 0]
                  00001a6c    00000018     rtsv7M4_T_le_v4SPD16_eabi.lib : args_main.obj (.text)
                  00001a84    00000014                                   : _lock.obj (.text)
                  00001a98    00000012     driverlib.lib : gpio.obj (.text:GPIOPinTypeGPIOInput)
                  00001aaa    00000012                   : timer.obj (.text:TimerControlEvent)
                  00001abc    00000012                   : timer.obj (.text:TimerMatchSet)
                  00001ace    00000012                   : timer.obj (.text:TimerPrescaleMatchSet)
                  00001ae0    00000012     rtsv7M4_T_le_v4SPD16_eabi.lib : copy_zero_init.obj (.text:decompress:ZI)
                  00001af2    0000000e                                   : copy_decompress_none.obj (.text:decompress:none)
                  00001b00    00000006     startup_ccs.obj (.text:ResetISR)
                  00001b06    00000006     driverlib.lib : sysctl.obj (.text:SysCtlDelay)
                  00001b0c    00000006                   : uart.obj (.text:UARTClockSourceSet)
                  00001b12    00000006     rtsv7M4_T_le_v4SPD16_eabi.lib : copy_decompress_rle.obj (.text:decompress:rle24)

.const     0    00001b18    0000010a     
                  00001b18    00000070     driverlib.lib : interrupt.obj (.const)
                  00001b88    0000006c                   : sysctl.obj (.const:g_pui32Xtals)
                  00001bf4    0000001c     uartstdio.obj (.const)
                  00001c10    00000012     uartstdio.obj (.const:.string)

.cinit     0    00001c28    00000440     
                  00001c28    00000419     (.cinit..data.load) [load image, compression = rle]
                  00002041    00000003     --HOLE-- [fill = 0]
                  00002044    0000000c     (__TI_handler_table)
                  00002050    00000008     (.cinit..bss.load) [load image, compression = zero_init]
                  00002058    00000010     (__TI_cinit_table)

.data      0    20000000    00000464     UNINITIALIZED
                  20000000    00000300     font8x8.obj (.data:font8x8_basic)
                  20000300    00000044     test_tlc5941.obj (.data)
                  20000344    00000042     sine_approx.obj (.data:resCosTab)
                  20000386    00000040     sine_approx.obj (.data:sinTab)
                  200003c6    00000002     --HOLE--
                  200003c8    00000040     test_tlc5941.obj (.data:toneFreqMap)
                  20000408    00000040     test_tlc5941.obj (.data:traceFreqMap)
                  20000448    00000008     rtsv7M4_T_le_v4SPD16_eabi.lib : _lock.obj (.data)
                  20000450    00000008                                   : exit.obj (.data)
                  20000458    00000005     uartstdio.obj (.data)
                  2000045d    00000003     --HOLE--
                  20000460    00000004     rtsv7M4_T_le_v4SPD16_eabi.lib : stkdepth_vars.obj (.data)

.bss       0    20000464    0000020a     UNINITIALIZED
                  20000464    00000100     test_tlc5941.obj (.bss:g_gsValues)
                  20000564    00000100     test_tlc5941.obj (.bss:g_pwmDacValues)
                  20000664    00000004     (.common:g_NewGSCycle)
                  20000668    00000004     (.common:g_ledRow)
                  2000066c    00000001     (.common:g_count16kHz)
                  2000066d    00000001     (.common:g_kbRow)

.stack     0    20000670    00000100     UNINITIALIZED
                  20000670    00000100     --HOLE--


LINKER GENERATED COPY TABLES

__TI_cinit_table @ 00002058 records: 2, size/record: 8, table size: 16
	.data: load addr=00001c28, load size=00000419 bytes, run addr=20000000, run size=00000464 bytes, compression=rle
	.bss: load addr=00002050, load size=00000008 bytes, run addr=20000464, run size=0000020a bytes, compression=zero_init


LINKER GENERATED HANDLER TABLE

__TI_handler_table @ 00002044 records: 3, size/record: 4, table size: 12
	index: 0, handler: __TI_decompress_rle24
	index: 1, handler: __TI_decompress_none
	index: 2, handler: __TI_zero_init


GLOBAL SYMBOLS: SORTED ALPHABETICALLY BY Name 

address    name
--------   ----
00001925   C$$EXIT
000010e9   ConfigureGSCLK
00001849   ConfigureKeybdScan
00000f71   ConfigurePWMDAC
00001659   ConfigureRowDriver
00001565   ConfigureSSI
000016c9   ConfigureUART
00001a1d   GPIODirModeSet
00001031   GPIOPadConfigSet
00001a99   GPIOPinTypeGPIOInput
0000172d   IntEnable
00000ead   KeybdRead
00000d95   PWMIntHandler
00001251   RenderCharacter
00001301   RenderDomino
00001b01   ResetISR
UNDEFED    SHT$$INIT_ARRAY$$Base
UNDEFED    SHT$$INIT_ARRAY$$Limit
000014d9   SineApprox
0000119d   SysCtlClockGet
00001b07   SysCtlDelay
00001aab   TimerControlEvent
00001abd   TimerMatchSet
00001acf   TimerPrescaleMatchSet
00001b0d   UARTClockSourceSet
000015e5   UARTStdioConfig
00001a47   UARTprintf
00000759   UARTvprintf
000017ed   UARTwrite
00000c1d   WriteDotCorrection
20000770   __STACK_END
00000100   __STACK_SIZE
20000770   __STACK_TOP
00002058   __TI_CINIT_Base
00002068   __TI_CINIT_Limit
00002044   __TI_Handler_Table_Base
00002050   __TI_Handler_Table_Limit
00000001   __TI_args_main
00001445   __TI_auto_init
20000450   __TI_cleanup_ptr
00001af3   __TI_decompress_none
00001b13   __TI_decompress_rle24
20000454   __TI_dtors_ptr
00000000   __TI_static_base__
00001ae1   __TI_zero_init
00001969   __aeabi_d2uiz
00000a6f   __aeabi_dadd
00000a65   __aeabi_dsub
000019ef   __aeabi_i2d
000013a9   __aeabi_memcpy
000013a9   __aeabi_memcpy4
000013a9   __aeabi_memcpy8
000019ad   __aeabi_uidivmod
ffffffff   __binit__
ffffffff   __c_args__
20000670   __stack
00001a6d   _args_main
00001899   _c_int00
20000448   _lock
00001a93   _nop
00001a8b   _register_lock
00001a85   _register_unlock
2000044c   _unlock
00001929   abort
ffffffff   binit
000018e1   copy_in
00001931   exit
20000000   font8x8_basic
20000664   g_NewGSCycle
2000066c   g_count16kHz
20000464   g_gsValues
2000066d   g_kbRow
20000668   g_ledRow
00000000   g_pfnVectors
20000564   g_pwmDacValues
0000026d   main
20000460   main_func_sp
000013a9   memcpy


GLOBAL SYMBOLS: SORTED BY Symbol Address 

address    name
--------   ----
00000000   __TI_static_base__
00000000   g_pfnVectors
00000001   __TI_args_main
00000100   __STACK_SIZE
0000026d   main
00000759   UARTvprintf
00000a65   __aeabi_dsub
00000a6f   __aeabi_dadd
00000c1d   WriteDotCorrection
00000d95   PWMIntHandler
00000ead   KeybdRead
00000f71   ConfigurePWMDAC
00001031   GPIOPadConfigSet
000010e9   ConfigureGSCLK
0000119d   SysCtlClockGet
00001251   RenderCharacter
00001301   RenderDomino
000013a9   __aeabi_memcpy
000013a9   __aeabi_memcpy4
000013a9   __aeabi_memcpy8
000013a9   memcpy
00001445   __TI_auto_init
000014d9   SineApprox
00001565   ConfigureSSI
000015e5   UARTStdioConfig
00001659   ConfigureRowDriver
000016c9   ConfigureUART
0000172d   IntEnable
000017ed   UARTwrite
00001849   ConfigureKeybdScan
00001899   _c_int00
000018e1   copy_in
00001925   C$$EXIT
00001929   abort
00001931   exit
00001969   __aeabi_d2uiz
000019ad   __aeabi_uidivmod
000019ef   __aeabi_i2d
00001a1d   GPIODirModeSet
00001a47   UARTprintf
00001a6d   _args_main
00001a85   _register_unlock
00001a8b   _register_lock
00001a93   _nop
00001a99   GPIOPinTypeGPIOInput
00001aab   TimerControlEvent
00001abd   TimerMatchSet
00001acf   TimerPrescaleMatchSet
00001ae1   __TI_zero_init
00001af3   __TI_decompress_none
00001b01   ResetISR
00001b07   SysCtlDelay
00001b0d   UARTClockSourceSet
00001b13   __TI_decompress_rle24
00002044   __TI_Handler_Table_Base
00002050   __TI_Handler_Table_Limit
00002058   __TI_CINIT_Base
00002068   __TI_CINIT_Limit
20000000   font8x8_basic
20000448   _lock
2000044c   _unlock
20000450   __TI_cleanup_ptr
20000454   __TI_dtors_ptr
20000460   main_func_sp
20000464   g_gsValues
20000564   g_pwmDacValues
20000664   g_NewGSCycle
20000668   g_ledRow
2000066c   g_count16kHz
2000066d   g_kbRow
20000670   __stack
20000770   __STACK_END
20000770   __STACK_TOP
ffffffff   __binit__
ffffffff   __c_args__
ffffffff   binit
UNDEFED    SHT$$INIT_ARRAY$$Base
UNDEFED    SHT$$INIT_ARRAY$$Limit

[78 symbols]
